<html>
<body>
<pre>
<h1>礦ision Build Log</h1>
<h2>Tool Versions:</h2>
IDE-Version: μVision V5.33.0.0
Copyright (C) 2020 ARM Ltd and ARM Germany GmbH. All rights reserved.
License Information: 13467346738@163.com 13467346738@163.com, 13467346738@163.com, LIC=UJWP0-BDJE9-UHP8H-WCS00-0QQ6Z-IC0WM
 
Tool Versions:
Toolchain:       MDK-ARM Plus  Version: 5.33.0.0
Toolchain Path:  D:\study\keil5\ARM\ARMCC\Bin
C Compiler:      Armcc.exe V5.06 update 7 (build 960)
Assembler:       Armasm.exe V5.06 update 7 (build 960)
Linker/Locator:  ArmLink.exe V5.06 update 7 (build 960)
Library Manager: ArmAr.exe V5.06 update 7 (build 960)
Hex Converter:   FromElf.exe V5.06 update 7 (build 960)
CPU DLL:         SARMCM3.DLL V5.33.0.0
Dialog DLL:      DARMSTM.DLL V1.68.0.0
Target DLL:      STLink\ST-LINKIII-KEIL_SWO.dll V3.0.8.0
Dialog DLL:      TARMSTM.DLL V1.66.0.0
 
<h2>Project:</h2>
D:\毕设\code\成功\终极版SIM\USER\SofeHome.uvprojx
Project File Date:  04/21/2022

<h2>Output:</h2>
*** Using Compiler 'V5.06 update 7 (build 960)', folder: 'D:\study\keil5\ARM\ARMCC\Bin'
Rebuild target 'SofeHome'
compiling system_stm32f10x.c...
compiling dht11.c...
compiling key.c...
compiling led.c...
compiling control.c...
compiling main.c...
main.c(40): warning:  #177-D: variable "head1"  was declared but never referenced
  	char head1[3];
main.c(41): warning:  #177-D: variable "temp"  was declared but never referenced
  	char temp[50];	   //定义一个临时缓冲区1,不包括报头
main.c(42): warning:  #177-D: variable "tempAll"  was declared but never referenced
  	char tempAll[100]; //定义一个临时缓冲区2，包括所有数据
main.c(43): warning:  #177-D: variable "dataLen"  was declared but never referenced
  	int dataLen = 0;   //报文长度
main.c: 4 warnings, 0 errors
compiling lcd.c...
compiling timer2.c...
compiling timer3.c...
compiling mqtt.c...
compiling timer4.c...
compiling usart1.c...
compiling usart2.c...
compiling wifi.c...
compiling delay.c...
compiling beep.c...
compiling humanBodyInfrar.c...
compiling adc.c...
compiling stm32f10x_it.c...
assembling startup_stm32f10x_hd.s...
compiling core_cm3.c...
compiling sys.c...
compiling misc.c...
compiling stm32f10x_gpio.c...
compiling stm32f10x_fsmc.c...
compiling stm32f10x_rcc.c...
compiling stm32f10x_usart.c...
compiling stm32f10x_sdio.c...
compiling stm32f10x_tim.c...
compiling stm32f10x_rtc.c...
compiling stm32f10x_iwdg.c...
compiling sim800.c...
compiling stm32f10x_i2c.c...
compiling stm32f10x_adc.c...
compiling timerSIM.c...
compiling usartSIM.c...
linking...
Program Size: Code=50726 RO-data=7154 RW-data=188 ZI-data=9468  
FromELF: creating hex file...
"..\OBJ\SofeHome.axf" - 0 Error(s), 4 Warning(s).

<h2>Software Packages used:</h2>

Package Vendor: Keil
                http://www.keil.com/pack/Keil.STM32F1xx_DFP.2.2.0.pack
                Keil.STM32F1xx_DFP.2.2.0
                STMicroelectronics STM32F1 Series Device Support, Drivers and Examples

<h2>Collection of Component include folders:</h2>
  C:\Users\jack\AppData\Local\Arm\Packs\Keil\STM32F1xx_DFP\2.2.0\Device\Include

<h2>Collection of Component Files used:</h2>
Build Time Elapsed:  00:00:06
</pre>
</body>
</html>
