Component: ARM Compiler 5.06 update 7 (build 960) Tool: armlink [4d3601]

==============================================================================

Section Cross References

    main.o(.text) refers to delay.o(.text) for Delay_Init
    main.o(.text) refers to usart1.o(.text) for Usart1_Init
    main.o(.text) refers to usart2.o(.text) for Usart2_Init
    main.o(.text) refers to timer4.o(.text) for TIM4_Init
    main.o(.text) refers to key.o(.text) for KEY_Init
    main.o(.text) refers to led.o(.text) for LED_Init
    main.o(.text) refers to beep.o(.text) for BEEP_Init
    main.o(.text) refers to dht11.o(.text) for DHT11_Init
    main.o(.text) refers to adc.o(.text) for Adc_Init
    main.o(.text) refers to humanbodyinfrar.o(.text) for humanBodyInfrar_Init
    main.o(.text) refers to lcd.o(.text) for LCD_Init
    main.o(.text) refers to wifi.o(.text) for WiFi_ResetIO_Init
    main.o(.text) refers to mqtt.o(.text) for IoT_Parameter_Init
    main.o(.text) refers to usartsim.o(.text) for USART2_Init_Config
    main.o(.text) refers to timersim.o(.text) for Timer5_Init_Config
    main.o(.text) refers to stm32f10x_gpio.o(.text) for GPIO_ReadInputDataBit
    main.o(.text) refers to timer3.o(.text) for TIM3_ENABLE_30S
    main.o(.text) refers to control.o(.text) for Send_Data
    main.o(.text) refers to timer2.o(.text) for TIM2_ENABLE_10S
    main.o(.text) refers to strlen.o(.text) for strlen
    main.o(.text) refers to memcmp.o(.text) for memcmp
    main.o(.text) refers to stm32f10x_tim.o(.text) for TIM_Cmd
    main.o(.text) refers to rt_memclr.o(.text) for __aeabi_memclr
    main.o(.text) refers to lcd.o(.data) for POINT_COLOR
    main.o(.text) refers to mqtt.o(.data) for connectFlag
    main.o(.text) refers to mqtt.o(.bss) for MQTT_TxDataBuf
    main.o(.text) refers to main.o(.data) for cmdLED_On
    main.o(.text) refers to usart2.o(.data) for Usart2_RxCounter
    main.o(.text) refers to usart2.o(.bss) for Usart2_RxBuff
    main.o(.data) refers to main.o(.conststring) for .conststring
    system_stm32f10x.o(.text) refers to system_stm32f10x.o(.data) for SystemCoreClock
    led.o(.text) refers to stm32f10x_rcc.o(.text) for RCC_APB2PeriphClockCmd
    led.o(.text) refers to stm32f10x_gpio.o(.text) for GPIO_Init
    key.o(.text) refers to stm32f10x_rcc.o(.text) for RCC_APB2PeriphClockCmd
    key.o(.text) refers to stm32f10x_gpio.o(.text) for GPIO_Init
    key.o(.text) refers to delay.o(.text) for DelayMs
    key.o(.text) refers to key.o(.data) for key_up
    lcd.o(.text) refers to _printf_percent.o(.ARM.Collect$$_printf_percent$$00000000) for _printf_percent
    lcd.o(.text) refers to _printf_x.o(.ARM.Collect$$_printf_percent$$0000000C) for _printf_x
    lcd.o(.text) refers to _printf_hex_int_ll_ptr.o(.text) for _printf_longlong_hex
    lcd.o(.text) refers to delay.o(.text) for DelayUs
    lcd.o(.text) refers to lcd.o(.bss) for lcddev
    lcd.o(.text) refers to lcd.o(.data) for POINT_COLOR
    lcd.o(.text) refers to dflt_clz.o(x$fpl$dfltu) for __aeabi_ui2d
    lcd.o(.text) refers to dmul.o(x$fpl$dmul) for __aeabi_dmul
    lcd.o(.text) refers to dfixu.o(x$fpl$dfixu) for __aeabi_d2uiz
    lcd.o(.text) refers to stm32f10x_rcc.o(.text) for RCC_AHBPeriphClockCmd
    lcd.o(.text) refers to stm32f10x_gpio.o(.text) for GPIO_Init
    lcd.o(.text) refers to stm32f10x_fsmc.o(.text) for FSMC_NORSRAMInit
    lcd.o(.text) refers to __2printf.o(.text) for __2printf
    lcd.o(.text) refers to lcd.o(.constdata) for asc2_1206
    dht11.o(.text) refers to delay.o(.text) for DelayMs
    dht11.o(.text) refers to stm32f10x_rcc.o(.text) for RCC_APB2PeriphClockCmd
    dht11.o(.text) refers to stm32f10x_gpio.o(.text) for GPIO_Init
    control.o(.text) refers to _printf_percent.o(.ARM.Collect$$_printf_percent$$00000000) for _printf_percent
    control.o(.text) refers to _printf_s.o(.ARM.Collect$$_printf_percent$$00000014) for _printf_s
    control.o(.text) refers to _printf_str.o(.text) for _printf_str
    control.o(.text) refers to _printf_c.o(.ARM.Collect$$_printf_percent$$00000013) for _printf_c
    control.o(.text) refers to rt_memclr_w.o(.text) for __aeabi_memclr4
    control.o(.text) refers to stm32f10x_gpio.o(.text) for GPIO_ReadOutputDataBit
    control.o(.text) refers to __2sprintf.o(.text) for __2sprintf
    control.o(.text) refers to strlen.o(.text) for strlen
    control.o(.text) refers to usart1.o(.text) for u1_printf
    control.o(.text) refers to mqtt.o(.text) for MQTT_PublishQs0
    control.o(.text) refers to main.o(.data) for ledFlag
    mqtt.o(.text) refers to _printf_percent.o(.ARM.Collect$$_printf_percent$$00000000) for _printf_percent
    mqtt.o(.text) refers to _printf_s.o(.ARM.Collect$$_printf_percent$$00000014) for _printf_s
    mqtt.o(.text) refers to _printf_str.o(.text) for _printf_str
    mqtt.o(.text) refers to rt_memcpy_v6.o(.text) for __aeabi_memcpy
    mqtt.o(.text) refers to strlen.o(.text) for strlen
    mqtt.o(.text) refers to usart1.o(.text) for u1_printf
[...]
    LCD_Fast_DrawPoint                       0x0800137b   Thumb Code   384  lcd.o(.text)
    LCD_SSD_BackLightSet                     0x080014fb   Thumb Code    80  lcd.o(.text)
    LCD_Display_Dir                          0x0800154b   Thumb Code   444  lcd.o(.text)
    LCD_Set_Window                           0x08001707   Thumb Code   540  lcd.o(.text)
    LCD_Clear                                0x08001923   Thumb Code   100  lcd.o(.text)
    LCD_Init                                 0x08001987   Thumb Code 14184  lcd.o(.text)
    LCD_Fill                                 0x080050ef   Thumb Code   178  lcd.o(.text)
    LCD_Color_Fill                           0x080051a1   Thumb Code   106  lcd.o(.text)
    LCD_DrawLine                             0x0800520b   Thumb Code   176  lcd.o(.text)
    LCD_DrawRectangle                        0x080052bb   Thumb Code    60  lcd.o(.text)
    LCD_Draw_Circle                          0x080052f7   Thumb Code   152  lcd.o(.text)
    LCD_ShowChar                             0x0800538f   Thumb Code   272  lcd.o(.text)
    LCD_Pow                                  0x0800549f   Thumb Code    22  lcd.o(.text)
    LCD_ShowNum                              0x080054b5   Thumb Code   148  lcd.o(.text)
    LCD_ShowxNum                             0x08005549   Thumb Code   220  lcd.o(.text)
    LCD_ShowString                           0x08005625   Thumb Code   102  lcd.o(.text)
    DHT11_Rst                                0x0800568d   Thumb Code    52  dht11.o(.text)
    DHT11_Check                              0x080056c1   Thumb Code    96  dht11.o(.text)
    DHT11_Read_Bit                           0x08005721   Thumb Code    76  dht11.o(.text)
    DHT11_Read_Byte                          0x0800576d   Thumb Code    30  dht11.o(.text)
    DHT11_Read_Data                          0x0800578b   Thumb Code    88  dht11.o(.text)
    DHT11_Init                               0x080057e3   Thumb Code    58  dht11.o(.text)
    length                                   0x08005829   Thumb Code    26  control.o(.text)
    Send_Data                                0x08005843   Thumb Code   142  control.o(.text)
    TxDataBuf_Deal                           0x0800591d   Thumb Code    86  mqtt.o(.text)
    MQTT_Subscribe                           0x08005973   Thumb Code   134  mqtt.o(.text)
    MQTT_ConectPack                          0x080059f9   Thumb Code   504  mqtt.o(.text)
    MQTT_Buff_Init                           0x08005bf1   Thumb Code    90  mqtt.o(.text)
    IoT_Parameter_Init                       0x08005c4b   Thumb Code   150  mqtt.o(.text)
    MQTT_PingREQ                             0x08005ce1   Thumb Code    28  mqtt.o(.text)
    MQTT_PublishQs0                          0x08005cfd   Thumb Code   516  mqtt.o(.text)
    CMDBuf_Deal                              0x08005f01   Thumb Code    96  mqtt.o(.text)
    MQTT_DealPushdata_Qs0                    0x08005f61   Thumb Code   234  mqtt.o(.text)
    TIM2_ENABLE_10S                          0x08006085   Thumb Code   118  timer2.o(.text)
    TIM3_ENABLE_30S                          0x080060fd   Thumb Code   114  timer3.o(.text)
    TIM3_ENABLE_2S                           0x0800616f   Thumb Code   116  timer3.o(.text)
    TIM4_Init                                0x080061e9   Thumb Code   106  timer4.o(.text)
    _sys_exit                                0x08006259   Thumb Code     4  usart1.o(.text)
    fputc                                    0x0800625d   Thumb Code    24  usart1.o(.text)
    Usart1_Init                              0x08006275   Thumb Code   118  usart1.o(.text)
    u1_printf                                0x080062eb   Thumb Code    84  usart1.o(.text)
    Usart2_Init                              0x0800634d   Thumb Code   180  usart2.o(.text)
    u2_printf                                0x08006401   Thumb Code    84  usart2.o(.text)
    u2_TxData                                0x08006455   Thumb Code    70  usart2.o(.text)
    WiFi_ResetIO_Init                        0x080064a9   Thumb Code    48  wifi.o(.text)
    WiFi_SendCmd                             0x080064d9   Thumb Code    86  wifi.o(.text)
    WiFi_Reset                               0x0800652f   Thumb Code    88  wifi.o(.text)
    WiFi_JoinAP                              0x08006587   Thumb Code    98  wifi.o(.text)
    WIFi_Is_Connect                          0x080065e9   Thumb Code    92  wifi.o(.text)
    WiFi_Connect_Server                      0x08006645   Thumb Code   200  wifi.o(.text)
    WiFi_Smartconfig                         0x0800670d   Thumb Code    78  wifi.o(.text)
    WiFi_WaitAP                              0x0800675b   Thumb Code    62  wifi.o(.text)
    WiFi_Connect_IoTServer                   0x08006799   Thumb Code  1258  wifi.o(.text)
    USART3_IRQHandler                        0x08006dad   Thumb Code   104  stm32f10x_it.o(.text)
    TIM4_IRQHandler                          0x08006e15   Thumb Code   122  stm32f10x_it.o(.text)
    TIM3_IRQHandler                          0x08006e8f   Thumb Code    94  stm32f10x_it.o(.text)
    TIM2_IRQHandler                          0x08006eed   Thumb Code   954  stm32f10x_it.o(.text)
    NMI_Handler                              0x080072a7   Thumb Code     2  stm32f10x_it.o(.text)
    HardFault_Handler                        0x080072a9   Thumb Code     2  stm32f10x_it.o(.text)
    MemManage_Handler                        0x080072ab   Thumb Code     2  stm32f10x_it.o(.text)
    BusFault_Handler                         0x080072ad   Thumb Code     2  stm32f10x_it.o(.text)
    UsageFault_Handler                       0x080072af   Thumb Code     2  stm32f10x_it.o(.text)
    SVC_Handler                              0x080072b1   Thumb Code     2  stm32f10x_it.o(.text)
    DebugMon_Handler                         0x080072b3   Thumb Code     2  stm32f10x_it.o(.text)
    PendSV_Handler                           0x080072b5   Thumb Code     2  stm32f10x_it.o(.text)
    SysTick_Handler                          0x080072b7   Thumb Code     2  stm32f10x_it.o(.text)
    Delay_Init                               0x080072c1   Thumb Code    50  delay.o(.text)
    DelayUs                                  0x080072f3   Thumb Code    72  delay.o(.text)
    DelayMs                                  0x0800733b   Thumb Code    72  delay.o(.text)
    Adc_Init                                 0x08007395   Thumb Code   132  adc.o(.text)
    Get_Adc                                  0x08007419   Thumb Code    46  adc.o(.text)
    Get_Adc_Average                          0x08007447   Thumb Code    46  adc.o(.text)
    Adc_Average_To_Ppm                       0x08007475   Thumb Code   146  adc.o(.text)
    humanBodyInfrar_Init                     0x0800752d   Thumb Code    46  humanbodyinfrar.o(.text)
    BEEP_Init                                0x08007561   Thumb Code    50  beep.o(.text)
    Reset_Handler                            0x08007599   Thumb Code     8  startup_stm32f10x_hd.o(.text)
    ADC1_2_IRQHandler                        0x080075b3   Thumb Code     0  startup_stm32f10x_hd.o(.text)
    ADC3_IRQHandler                          0x080075b3   Thumb Code     0  startup_stm32f10x_hd.o(.text)
    CAN1_RX1_IRQHandler                      0x080075b3   Thumb Code     0  startup_stm32f10x_hd.o(.text)
    CAN1_SCE_IRQHandler                      0x080075b3   Thumb Code     0  startup_stm32f10x_hd.o(.text)
    DMA1_Channel1_IRQHandler                 0x080075b3   Thumb Code     0  startup_stm32f10x_hd.o(.text)
    DMA1_Channel2_IRQHandler                 0x080075b3   Thumb Code     0  startup_stm32f10x_hd.o(.text)
    DMA1_Channel3_IRQHandler                 0x080075b3   Thumb Code     0  startup_stm32f10x_hd.o(.text)
    DMA1_Channel4_IRQHandler                 0x080075b3   Thumb Code     0  startup_stm32f10x_hd.o(.text)
    DMA1_Channel5_IRQHandler                 0x080075b3   Thumb Code     0  startup_stm32f10x_hd.o(.text)
    DMA1_Channel6_IRQHandler                 0x080075b3   Thumb Code     0  startup_stm32f10x_hd.o(.text)
    DMA1_Channel7_IRQHandler                 0x080075b3   Thumb Code     0  startup_stm32f10x_hd.o(.text)
    DMA2_Channel1_IRQHandler                 0x080075b3   Thumb Code     0  startup_stm32f10x_hd.o(.text)
    DMA2_Channel2_IRQHandler                 0x080075b3   Thumb Code     0  startup_stm32f10x_hd.o(.text)
    DMA2_Channel3_IRQHandler                 0x080075b3   Thumb Code     0  startup_stm32f10x_hd.o(.text)
    DMA2_Channel4_5_IRQHandler               0x080075b3   Thumb Code     0  startup_stm32f10x_hd.o(.text)
    EXTI0_IRQHandler                         0x080075b3   Thumb Code     0  startup_stm32f10x_hd.o(.text)
    EXTI15_10_IRQHandler                     0x080075b3   Thumb Code     0  startup_stm32f10x_hd.o(.text)
    EXTI1_IRQHandler                         0x080075b3   Thumb Code     0  startup_stm32f10x_hd.o(.text)
    EXTI2_IRQHandler                         0x080075b3   Thumb Code     0  startup_stm32f10x_hd.o(.text)
    EXTI3_IRQHandler                         0x080075b3   Thumb Code     0  startup_stm32f10x_hd.o(.text)
    EXTI4_IRQHandler                         0x080075b3   Thumb Code     0  startup_stm32f10x_hd.o(.text)
    EXTI9_5_IRQHandler                       0x080075b3   Thumb Code     0  startup_stm32f10x_hd.o(.text)
    FLASH_IRQHandler                         0x080075b3   Thumb Code     0  startup_stm32f10x_hd.o(.text)
    FSMC_IRQHandler                          0x080075b3   Thumb Code     0  startup_stm32f10x_hd.o(.text)
    I2C1_ER_IRQHandler                       0x080075b3   Thumb Code     0  startup_stm32f10x_hd.o(.text)
    I2C1_EV_IRQHandler                       0x080075b3   Thumb Code     0  startup_stm32f10x_hd.o(.text)
    I2C2_ER_IRQHandler                       0x080075b3   Thumb Code     0  startup_stm32f10x_hd.o(.text)
    I2C2_EV_IRQHandler                       0x080075b3   Thumb Code     0  startup_stm32f10x_hd.o(.text)
    PVD_IRQHandler                           0x080075b3   Thumb Code     0  startup_stm32f10x_hd.o(.text)
    RCC_IRQHandler                           0x080075b3   Thumb Code     0  startup_stm32f10x_hd.o(.text)
    RTCAlarm_IRQHandler                      0x080075b3   Thumb Code     0  startup_stm32f10x_hd.o(.text)
    RTC_IRQHandler                           0x080075b3   Thumb Code     0  startup_stm32f10x_hd.o(.text)
    SDIO_IRQHandler                          0x080075b3   Thumb Code     0  startup_stm32f10x_hd.o(.text)
    SPI1_IRQHandler                          0x080075b3   Thumb Code     0  startup_stm32f10x_hd.o(.text)
    SPI2_IRQHandler                          0x080075b3   Thumb Code     0  startup_stm32f10x_hd.o(.text)
    SPI3_IRQHandler                          0x080075b3   Thumb Code     0  startup_stm32f10x_hd.o(.text)
    TAMPER_IRQHandler                        0x080075b3   Thumb Code     0  startup_stm32f10x_hd.o(.text)
    TIM1_BRK_IRQHandler                      0x080075b3   Thumb Code     0  startup_stm32f10x_hd.o(.text)
    TIM1_CC_IRQHandler                       0x080075b3   Thumb Code     0  startup_stm32f10x_hd.o(.text)
    TIM1_TRG_COM_IRQHandler                  0x080075b3   Thumb Code     0  startup_stm32f10x_hd.o(.text)
    TIM1_UP_IRQHandler                       0x080075b3   Thumb Code     0  startup_stm32f10x_hd.o(.text)
    TIM6_IRQHandler                          0x080075b3   Thumb Code     0  startup_stm32f10x_hd.o(.text)
    TIM7_IRQHandler                          0x080075b3   Thumb Code     0  startup_stm32f10x_hd.o(.text)
    TIM8_BRK_IRQHandler                      0x080075b3   Thumb Code     0  startup_stm32f10x_hd.o(.text)
    TIM8_CC_IRQHandler                       0x080075b3   Thumb Code     0  startup_stm32f10x_hd.o(.text)
    TIM8_TRG_COM_IRQHandler                  0x080075b3   Thumb Code     0  startup_stm32f10x_hd.o(.text)
    TIM8_UP_IRQHandler                       0x080075b3   Thumb Code     0  startup_stm32f10x_hd.o(.text)
    UART4_IRQHandler                         0x080075b3   Thumb Code     0  startup_stm32f10x_hd.o(.text)
    UART5_IRQHandler                         0x080075b3   Thumb Code     0  startup_stm32f10x_hd.o(.text)
    USART1_IRQHandler                        0x080075b3   Thumb Code     0  startup_stm32f10x_hd.o(.text)
    USBWakeUp_IRQHandler                     0x080075b3   Thumb Code     0  startup_stm32f10x_hd.o(.text)
    USB_HP_CAN1_TX_IRQHandler                0x080075b3   Thumb Code     0  startup_stm32f10x_hd.o(.text)
    USB_LP_CAN1_RX0_IRQHandler               0x080075b3   Thumb Code     0  startup_stm32f10x_hd.o(.text)
    WWDG_IRQHandler                          0x080075b3   Thumb Code     0  startup_stm32f10x_hd.o(.text)
    __user_initial_stackheap                 0x080075b5   Thumb Code     0  startup_stm32f10x_hd.o(.text)
    NVIC_PriorityGroupConfig                 0x080075d9   Thumb Code    10  misc.o(.text)
    NVIC_Init                                0x080075e3   Thumb Code   100  misc.o(.text)
    NVIC_SetVectorTable                      0x08007647   Thumb Code    14  misc.o(.text)
    NVIC_SystemLPConfig                      0x08007655   Thumb Code    34  misc.o(.text)
    SysTick_CLKSourceConfig                  0x08007677   Thumb Code    40  misc.o(.text)
    FSMC_NORSRAMDeInit                       0x080076b5   Thumb Code    54  stm32f10x_fsmc.o(.text)
    FSMC_NANDDeInit                          0x080076eb   Thumb Code    62  stm32f10x_fsmc.o(.text)
    FSMC_PCCARDDeInit                        0x08007729   Thumb Code    36  stm32f10x_fsmc.o(.text)
    FSMC_NORSRAMInit                         0x0800774d   Thumb Code   230  stm32f10x_fsmc.o(.text)
    FSMC_NANDInit                            0x08007833   Thumb Code   132  stm32f10x_fsmc.o(.text)
    FSMC_PCCARDInit                          0x080078b7   Thumb Code   130  stm32f10x_fsmc.o(.text)
    FSMC_NORSRAMStructInit                   0x08007939   Thumb Code   114  stm32f10x_fsmc.o(.text)
    FSMC_NANDStructInit                      0x080079ab   Thumb Code    54  stm32f10x_fsmc.o(.text)
    FSMC_PCCARDStructInit                    0x080079e1   Thumb Code    60  stm32f10x_fsmc.o(.text)
    FSMC_NORSRAMCmd                          0x08007a1d   Thumb Code    46  stm32f10x_fsmc.o(.text)
    FSMC_NANDCmd                             0x08007a4b   Thumb Code    86  stm32f10x_fsmc.o(.text)
    FSMC_PCCARDCmd                           0x08007aa1   Thumb Code    44  stm32f10x_fsmc.o(.text)
    FSMC_NANDECCCmd                          0x08007acd   Thumb Code    90  stm32f10x_fsmc.o(.text)
    FSMC_GetECC                              0x08007b27   Thumb Code    24  stm32f10x_fsmc.o(.text)
    FSMC_ITConfig                            0x08007b3f   Thumb Code   128  stm32f10x_fsmc.o(.text)
    FSMC_GetFlagStatus                       0x08007bbf   Thumb Code    54  stm32f10x_fsmc.o(.text)
    FSMC_ClearFlag                           0x08007bf5   Thumb Code    62  stm32f10x_fsmc.o(.text)
    FSMC_GetITStatus                         0x08007c33   Thumb Code    64  stm32f10x_fsmc.o(.text)
    FSMC_ClearITPendingBit                   0x08007c73   Thumb Code    68  stm32f10x_fsmc.o(.text)
    GPIO_DeInit                              0x08007cc1   Thumb Code   172  stm32f10x_gpio.o(.text)
    GPIO_AFIODeInit                          0x08007d6d   Thumb Code    20  stm32f10x_gpio.o(.text)
    GPIO_Init                                0x08007d81   Thumb Code   278  stm32f10x_gpio.o(.text)
    GPIO_StructInit                          0x08007e97   Thumb Code    16  stm32f10x_gpio.o(.text)
    GPIO_ReadInputDataBit                    0x08007ea7   Thumb Code    18  stm32f10x_gpio.o(.text)
    GPIO_ReadInputData                       0x08007eb9   Thumb Code     8  stm32f10x_gpio.o(.text)
    GPIO_ReadOutputDataBit                   0x08007ec1   Thumb Code    18  stm32f10x_gpio.o(.text)
    GPIO_ReadOutputData                      0x08007ed3   Thumb Code     8  stm32f10x_gpio.o(.text)
    GPIO_SetBits                             0x08007edb   Thumb Code     4  stm32f10x_gpio.o(.text)
    GPIO_ResetBits                           0x08007edf   Thumb Code     4  stm32f10x_gpio.o(.text)
    GPIO_WriteBit                            0x08007ee3   Thumb Code    10  stm32f10x_gpio.o(.text)
    GPIO_Write                               0x08007eed   Thumb Code     4  stm32f10x_gpio.o(.text)
    GPIO_PinLockConfig                       0x08007ef1   Thumb Code    18  stm32f10x_gpio.o(.text)
    GPIO_EventOutputConfig                   0x08007f03   Thumb Code    26  stm32f10x_gpio.o(.text)
    GPIO_EventOutputCmd                      0x08007f1d   Thumb Code     6  stm32f10x_gpio.o(.text)
    GPIO_PinRemapConfig                      0x08007f23   Thumb Code   138  stm32f10x_gpio.o(.text)
    GPIO_EXTILineConfig                      0x08007fad   Thumb Code    66  stm32f10x_gpio.o(.text)
    GPIO_ETH_MediaInterfaceConfig            0x08007fef   Thumb Code     8  stm32f10x_gpio.o(.text)
    RCC_DeInit                               0x0800801d   Thumb Code    64  stm32f10x_rcc.o(.text)
    RCC_HSEConfig                            0x0800805d   Thumb Code    70  stm32f10x_rcc.o(.text)
    RCC_GetFlagStatus                        0x080080a3   Thumb Code    56  stm32f10x_rcc.o(.text)
    RCC_WaitForHSEStartUp                    0x080080db   Thumb Code    56  stm32f10x_rcc.o(.text)
    RCC_AdjustHSICalibrationValue            0x08008113   Thumb Code    20  stm32f10x_rcc.o(.text)
    RCC_HSICmd                               0x08008127   Thumb Code     6  stm32f10x_rcc.o(.text)
    RCC_PLLConfig                            0x0800812d   Thumb Code    24  stm32f10x_rcc.o(.text)
    RCC_PLLCmd                               0x08008145   Thumb Code     6  stm32f10x_rcc.o(.text)
    RCC_SYSCLKConfig                         0x0800814b   Thumb Code    18  stm32f10x_rcc.o(.text)
    RCC_GetSYSCLKSource                      0x0800815d   Thumb Code    10  stm32f10x_rcc.o(.text)
    RCC_HCLKConfig                           0x08008167   Thumb Code    18  stm32f10x_rcc.o(.text)
    RCC_PCLK1Config                          0x08008179   Thumb Code    18  stm32f10x_rcc.o(.text)
    RCC_PCLK2Config                          0x0800818b   Thumb Code    20  stm32f10x_rcc.o(.text)
    RCC_ITConfig                             0x0800819f   Thumb Code    26  stm32f10x_rcc.o(.text)
    RCC_USBCLKConfig                         0x080081b9   Thumb Code     8  stm32f10x_rcc.o(.text)
    RCC_ADCCLKConfig                         0x080081c1   Thumb Code    18  stm32f10x_rcc.o(.text)
    RCC_LSEConfig                            0x080081d3   Thumb Code    50  stm32f10x_rcc.o(.text)
    RCC_LSICmd                               0x08008205   Thumb Code     6  stm32f10x_rcc.o(.text)
    RCC_RTCCLKConfig                         0x0800820b   Thumb Code    12  stm32f10x_rcc.o(.text)
    RCC_RTCCLKCmd                            0x08008217   Thumb Code     8  stm32f10x_rcc.o(.text)
    RCC_GetClocksFreq                        0x0800821f   Thumb Code   192  stm32f10x_rcc.o(.text)
    RCC_AHBPeriphClockCmd                    0x080082df   Thumb Code    26  stm32f10x_rcc.o(.text)
    RCC_APB2PeriphClockCmd                   0x080082f9   Thumb Code    26  stm32f10x_rcc.o(.text)
    RCC_APB1PeriphClockCmd                   0x08008313   Thumb Code    26  stm32f10x_rcc.o(.text)
    RCC_APB2PeriphResetCmd                   0x0800832d   Thumb Code    26  stm32f10x_rcc.o(.text)
    RCC_APB1PeriphResetCmd                   0x08008347   Thumb Code    26  stm32f10x_rcc.o(.text)
    RCC_BackupResetCmd                       0x08008361   Thumb Code     8  stm32f10x_rcc.o(.text)
    RCC_ClockSecuritySystemCmd               0x08008369   Thumb Code     6  stm32f10x_rcc.o(.text)
    RCC_MCOConfig                            0x0800836f   Thumb Code     6  stm32f10x_rcc.o(.text)
    RCC_ClearFlag                            0x08008375   Thumb Code    14  stm32f10x_rcc.o(.text)
    RCC_GetITStatus                          0x08008383   Thumb Code    20  stm32f10x_rcc.o(.text)
    RCC_ClearITPendingBit                    0x08008397   Thumb Code     6  stm32f10x_rcc.o(.text)
    USART_DeInit                             0x080083c1   Thumb Code   134  stm32f10x_usart.o(.text)
    USART_Init                               0x08008447   Thumb Code   210  stm32f10x_usart.o(.text)
    USART_StructInit                         0x08008519   Thumb Code    24  stm32f10x_usart.o(.text)
    USART_ClockInit                          0x08008531   Thumb Code    34  stm32f10x_usart.o(.text)
    USART_ClockStructInit                    0x08008553   Thumb Code    12  stm32f10x_usart.o(.text)
    USART_Cmd                                0x0800855f   Thumb Code    24  stm32f10x_usart.o(.text)
    USART_ITConfig                           0x08008577   Thumb Code    74  stm32f10x_usart.o(.text)
    USART_DMACmd                             0x080085c1   Thumb Code    18  stm32f10x_usart.o(.text)
    USART_SetAddress                         0x080085d3   Thumb Code    18  stm32f10x_usart.o(.text)
    USART_WakeUpConfig                       0x080085e5   Thumb Code    18  stm32f10x_usart.o(.text)
    USART_ReceiverWakeUpCmd                  0x080085f7   Thumb Code    24  stm32f10x_usart.o(.text)
    USART_LINBreakDetectLengthConfig         0x0800860f   Thumb Code    18  stm32f10x_usart.o(.text)
    USART_LINCmd                             0x08008621   Thumb Code    24  stm32f10x_usart.o(.text)
    USART_SendData                           0x08008639   Thumb Code     8  stm32f10x_usart.o(.text)
    USART_ReceiveData                        0x08008641   Thumb Code    10  stm32f10x_usart.o(.text)
    USART_SendBreak                          0x0800864b   Thumb Code    10  stm32f10x_usart.o(.text)
    USART_SetGuardTime                       0x08008655   Thumb Code    16  stm32f10x_usart.o(.text)
    USART_SetPrescaler                       0x08008665   Thumb Code    16  stm32f10x_usart.o(.text)
    USART_SmartCardCmd                       0x08008675   Thumb Code    24  stm32f10x_usart.o(.text)
    USART_SmartCardNACKCmd                   0x0800868d   Thumb Code    24  stm32f10x_usart.o(.text)
    USART_HalfDuplexCmd                      0x080086a5   Thumb Code    24  stm32f10x_usart.o(.text)
    USART_OverSampling8Cmd                   0x080086bd   Thumb Code    22  stm32f10x_usart.o(.text)
    USART_OneBitMethodCmd                    0x080086d3   Thumb Code    24  stm32f10x_usart.o(.text)
    USART_IrDAConfig                         0x080086eb   Thumb Code    18  stm32f10x_usart.o(.text)
    USART_IrDACmd                            0x080086fd   Thumb Code    24  stm32f10x_usart.o(.text)
    USART_GetFlagStatus                      0x08008715   Thumb Code    26  stm32f10x_usart.o(.text)
    USART_ClearFlag                          0x0800872f   Thumb Code    18  stm32f10x_usart.o(.text)
    USART_GetITStatus                        0x08008741   Thumb Code    84  stm32f10x_usart.o(.text)
    USART_ClearITPendingBit                  0x08008795   Thumb Code    52  stm32f10x_usart.o(.text)
    TIM_DeInit                               0x080087c9   Thumb Code   424  stm32f10x_tim.o(.text)
    TIM_TimeBaseInit                         0x08008971   Thumb Code   122  stm32f10x_tim.o(.text)
    TIM_OC1Init                              0x080089eb   Thumb Code   132  stm32f10x_tim.o(.text)
    TIM_OC2Init                              0x08008a6f   Thumb Code   154  stm32f10x_tim.o(.text)
    TIM_OC3Init                              0x08008b09   Thumb Code   150  stm32f10x_tim.o(.text)
    TIM_OC4Init                              0x08008b9f   Thumb Code   182  stm32f10x_tim.o(.text)
    TIM_SetIC4Prescaler                      0x08008c55   Thumb Code    26  stm32f10x_tim.o(.text)
    TIM_SetIC3Prescaler                      0x08008cf1   Thumb Code    18  stm32f10x_tim.o(.text)
    TIM_SetIC2Prescaler                      0x08008d7d   Thumb Code    26  stm32f10x_tim.o(.text)
    TIM_SetIC1Prescaler                      0x08008e19   Thumb Code    18  stm32f10x_tim.o(.text)
    TIM_ICInit                               0x08008e97   Thumb Code   150  stm32f10x_tim.o(.text)
    TIM_PWMIConfig                           0x08008f2d   Thumb Code   124  stm32f10x_tim.o(.text)
    TIM_BDTRConfig                           0x08008fa9   Thumb Code    32  stm32f10x_tim.o(.text)
    TIM_TimeBaseStructInit                   0x08008fc9   Thumb Code    18  stm32f10x_tim.o(.text)
    TIM_OCStructInit                         0x08008fdb   Thumb Code    20  stm32f10x_tim.o(.text)
    TIM_ICStructInit                         0x08008fef   Thumb Code    18  stm32f10x_tim.o(.text)
    TIM_BDTRStructInit                       0x08009001   Thumb Code    40  stm32f10x_tim.o(.text)
    TIM_Cmd                                  0x08009029   Thumb Code    24  stm32f10x_tim.o(.text)
    TIM_CtrlPWMOutputs                       0x08009041   Thumb Code    30  stm32f10x_tim.o(.text)
    TIM_ITConfig                             0x0800905f   Thumb Code    18  stm32f10x_tim.o(.text)
    TIM_GenerateEvent                        0x08009071   Thumb Code     4  stm32f10x_tim.o(.text)
    TIM_DMAConfig                            0x08009075   Thumb Code    10  stm32f10x_tim.o(.text)
    TIM_DMACmd                               0x0800907f   Thumb Code    18  stm32f10x_tim.o(.text)
    TIM_InternalClockConfig                  0x08009091   Thumb Code    12  stm32f10x_tim.o(.text)
    TIM_SelectInputTrigger                   0x0800909d   Thumb Code    18  stm32f10x_tim.o(.text)
    TIM_ITRxExternalClockConfig              0x080090af   Thumb Code    24  stm32f10x_tim.o(.text)
    TIM_TIxExternalClockConfig               0x080090c7   Thumb Code    62  stm32f10x_tim.o(.text)
    TIM_ETRConfig                            0x08009105   Thumb Code    28  stm32f10x_tim.o(.text)
    TIM_ETRClockMode1Config                  0x08009121   Thumb Code    54  stm32f10x_tim.o(.text)
    TIM_ETRClockMode2Config                  0x08009157   Thumb Code    32  stm32f10x_tim.o(.text)
    TIM_PrescalerConfig                      0x08009177   Thumb Code     6  stm32f10x_tim.o(.text)
    TIM_CounterModeConfig                    0x0800917d   Thumb Code    18  stm32f10x_tim.o(.text)
    TIM_EncoderInterfaceConfig               0x0800918f   Thumb Code    66  stm32f10x_tim.o(.text)
    TIM_ForcedOC1Config                      0x080091d1   Thumb Code    18  stm32f10x_tim.o(.text)
    TIM_ForcedOC2Config                      0x080091e3   Thumb Code    26  stm32f10x_tim.o(.text)
    TIM_ForcedOC3Config                      0x080091fd   Thumb Code    18  stm32f10x_tim.o(.text)
    TIM_ForcedOC4Config                      0x0800920f   Thumb Code    26  stm32f10x_tim.o(.text)
    TIM_ARRPreloadConfig                     0x08009229   Thumb Code    24  stm32f10x_tim.o(.text)
    TIM_SelectCOM                            0x08009241   Thumb Code    24  stm32f10x_tim.o(.text)
    TIM_SelectCCDMA                          0x08009259   Thumb Code    24  stm32f10x_tim.o(.text)
    TIM_CCPreloadControl                     0x08009271   Thumb Code    24  stm32f10x_tim.o(.text)
    TIM_OC1PreloadConfig                     0x08009289   Thumb Code    18  stm32f10x_tim.o(.text)
    TIM_OC2PreloadConfig                     0x0800929b   Thumb Code    26  stm32f10x_tim.o(.text)
    TIM_OC3PreloadConfig                     0x080092b5   Thumb Code    18  stm32f10x_tim.o(.text)
    TIM_OC4PreloadConfig                     0x080092c7   Thumb Code    26  stm32f10x_tim.o(.text)
    TIM_OC1FastConfig                        0x080092e1   Thumb Code    18  stm32f10x_tim.o(.text)
    TIM_OC2FastConfig                        0x080092f3   Thumb Code    26  stm32f10x_tim.o(.text)
    TIM_OC3FastConfig                        0x0800930d   Thumb Code    18  stm32f10x_tim.o(.text)
    TIM_OC4FastConfig                        0x0800931f   Thumb Code    26  stm32f10x_tim.o(.text)
    TIM_ClearOC1Ref                          0x08009339   Thumb Code    18  stm32f10x_tim.o(.text)
    TIM_ClearOC2Ref                          0x0800934b   Thumb Code    24  stm32f10x_tim.o(.text)
    TIM_ClearOC3Ref                          0x08009363   Thumb Code    18  stm32f10x_tim.o(.text)
    TIM_ClearOC4Ref                          0x08009375   Thumb Code    24  stm32f10x_tim.o(.text)
    TIM_OC1PolarityConfig                    0x0800938d   Thumb Code    18  stm32f10x_tim.o(.text)
    TIM_OC1NPolarityConfig                   0x0800939f   Thumb Code    18  stm32f10x_tim.o(.text)
    TIM_OC2PolarityConfig                    0x080093b1   Thumb Code    26  stm32f10x_tim.o(.text)
    TIM_OC2NPolarityConfig                   0x080093cb   Thumb Code    26  stm32f10x_tim.o(.text)
    TIM_OC3PolarityConfig                    0x080093e5   Thumb Code    26  stm32f10x_tim.o(.text)
    TIM_OC3NPolarityConfig                   0x080093ff   Thumb Code    26  stm32f10x_tim.o(.text)
    TIM_OC4PolarityConfig                    0x08009419   Thumb Code    26  stm32f10x_tim.o(.text)
    TIM_CCxCmd                               0x08009433   Thumb Code    30  stm32f10x_tim.o(.text)
    TIM_CCxNCmd                              0x08009451   Thumb Code    30  stm32f10x_tim.o(.text)
    TIM_SelectOCxM                           0x0800946f   Thumb Code    82  stm32f10x_tim.o(.text)
    TIM_UpdateDisableConfig                  0x080094c1   Thumb Code    24  stm32f10x_tim.o(.text)
    TIM_UpdateRequestConfig                  0x080094d9   Thumb Code    24  stm32f10x_tim.o(.text)
    TIM_SelectHallSensor                     0x080094f1   Thumb Code    24  stm32f10x_tim.o(.text)
    TIM_SelectOnePulseMode                   0x08009509   Thumb Code    18  stm32f10x_tim.o(.text)
    TIM_SelectOutputTrigger                  0x0800951b   Thumb Code    18  stm32f10x_tim.o(.text)
    TIM_SelectSlaveMode                      0x0800952d   Thumb Code    18  stm32f10x_tim.o(.text)
    TIM_SelectMasterSlaveMode                0x0800953f   Thumb Code    18  stm32f10x_tim.o(.text)
    TIM_SetCounter                           0x08009551   Thumb Code     4  stm32f10x_tim.o(.text)
    TIM_SetAutoreload                        0x08009555   Thumb Code     4  stm32f10x_tim.o(.text)
    TIM_SetCompare1                          0x08009559   Thumb Code     4  stm32f10x_tim.o(.text)
    TIM_SetCompare2                          0x0800955d   Thumb Code     4  stm32f10x_tim.o(.text)
    TIM_SetCompare3                          0x08009561   Thumb Code     4  stm32f10x_tim.o(.text)
    TIM_SetCompare4                          0x08009565   Thumb Code     6  stm32f10x_tim.o(.text)
    TIM_SetClockDivision                     0x0800956b   Thumb Code    18  stm32f10x_tim.o(.text)
    TIM_GetCapture1                          0x0800957d   Thumb Code     6  stm32f10x_tim.o(.text)
    TIM_GetCapture2                          0x08009583   Thumb Code     6  stm32f10x_tim.o(.text)
    TIM_GetCapture3                          0x08009589   Thumb Code     6  stm32f10x_tim.o(.text)
    TIM_GetCapture4                          0x0800958f   Thumb Code     8  stm32f10x_tim.o(.text)
    TIM_GetCounter                           0x08009597   Thumb Code     6  stm32f10x_tim.o(.text)
    TIM_GetPrescaler                         0x0800959d   Thumb Code     6  stm32f10x_tim.o(.text)
    TIM_GetFlagStatus                        0x080095a3   Thumb Code    18  stm32f10x_tim.o(.text)
    TIM_ClearFlag                            0x080095b5   Thumb Code     6  stm32f10x_tim.o(.text)
    TIM_GetITStatus                          0x080095bb   Thumb Code    34  stm32f10x_tim.o(.text)
    TIM_ClearITPendingBit                    0x080095dd   Thumb Code     6  stm32f10x_tim.o(.text)
    ADC_DeInit                               0x080095e5   Thumb Code    78  stm32f10x_adc.o(.text)
    ADC_Init                                 0x08009633   Thumb Code    70  stm32f10x_adc.o(.text)
    ADC_StructInit                           0x08009679   Thumb Code    18  stm32f10x_adc.o(.text)
    ADC_Cmd                                  0x0800968b   Thumb Code    22  stm32f10x_adc.o(.text)
    ADC_DMACmd                               0x080096a1   Thumb Code    22  stm32f10x_adc.o(.text)
    ADC_ITConfig                             0x080096b7   Thumb Code    24  stm32f10x_adc.o(.text)
    ADC_ResetCalibration                     0x080096cf   Thumb Code    10  stm32f10x_adc.o(.text)
    ADC_GetResetCalibrationStatus            0x080096d9   Thumb Code    20  stm32f10x_adc.o(.text)
    ADC_StartCalibration                     0x080096ed   Thumb Code    10  stm32f10x_adc.o(.text)
    ADC_GetCalibrationStatus                 0x080096f7   Thumb Code    20  stm32f10x_adc.o(.text)
    ADC_SoftwareStartConvCmd                 0x0800970b   Thumb Code    22  stm32f10x_adc.o(.text)
    ADC_GetSoftwareStartConvStatus           0x08009721   Thumb Code    20  stm32f10x_adc.o(.text)
    ADC_DiscModeChannelCountConfig           0x08009735   Thumb Code    24  stm32f10x_adc.o(.text)
    ADC_DiscModeCmd                          0x0800974d   Thumb Code    22  stm32f10x_adc.o(.text)
    ADC_RegularChannelConfig                 0x08009763   Thumb Code   184  stm32f10x_adc.o(.text)
    ADC_ExternalTrigConvCmd                  0x0800981b   Thumb Code    22  stm32f10x_adc.o(.text)
    ADC_GetConversionValue                   0x08009831   Thumb Code     8  stm32f10x_adc.o(.text)
    ADC_GetDualModeConversionValue           0x08009839   Thumb Code     8  stm32f10x_adc.o(.text)
    ADC_AutoInjectedConvCmd                  0x08009841   Thumb Code    22  stm32f10x_adc.o(.text)
    ADC_InjectedDiscModeCmd                  0x08009857   Thumb Code    22  stm32f10x_adc.o(.text)
    ADC_ExternalTrigInjectedConvConfig       0x0800986d   Thumb Code    16  stm32f10x_adc.o(.text)
    ADC_ExternalTrigInjectedConvCmd          0x0800987d   Thumb Code    22  stm32f10x_adc.o(.text)
    ADC_SoftwareStartInjectedConvCmd         0x08009893   Thumb Code    22  stm32f10x_adc.o(.text)
    ADC_GetSoftwareStartInjectedConvCmdStatus 0x080098a9   Thumb Code    20  stm32f10x_adc.o(.text)
    ADC_InjectedChannelConfig                0x080098bd   Thumb Code   130  stm32f10x_adc.o(.text)
    ADC_InjectedSequencerLengthConfig        0x0800993f   Thumb Code    24  stm32f10x_adc.o(.text)
    ADC_SetInjectedOffset                    0x08009957   Thumb Code    20  stm32f10x_adc.o(.text)
    ADC_GetInjectedConversionValue           0x0800996b   Thumb Code    28  stm32f10x_adc.o(.text)
    ADC_AnalogWatchdogCmd                    0x08009987   Thumb Code    16  stm32f10x_adc.o(.text)
    ADC_AnalogWatchdogThresholdsConfig       0x08009997   Thumb Code     6  stm32f10x_adc.o(.text)
    ADC_AnalogWatchdogSingleChannelConfig    0x0800999d   Thumb Code    16  stm32f10x_adc.o(.text)
    ADC_TempSensorVrefintCmd                 0x080099ad   Thumb Code    64  stm32f10x_adc.o(.text)
    ADC_GetFlagStatus                        0x080099ed   Thumb Code    18  stm32f10x_adc.o(.text)
    ADC_ClearFlag                            0x080099ff   Thumb Code     6  stm32f10x_adc.o(.text)
    ADC_GetITStatus                          0x08009a05   Thumb Code    36  stm32f10x_adc.o(.text)
    ADC_ClearITPendingBit                    0x08009a29   Thumb Code    10  stm32f10x_adc.o(.text)
    USART2_IRQHandler                        0x08009a35   Thumb Code    44  sim800.o(.text)
    TIM5_IRQHandler                          0x08009a61   Thumb Code    80  sim800.o(.text)
    CLR_Buf2                                 0x08009ab1   Thumb Code    26  sim800.o(.text)
    Find                                     0x08009acb   Thumb Code    22  sim800.o(.text)
    Second_AT_Command                        0x08009ae1   Thumb Code   112  sim800.o(.text)
    Set_Text_Mode                            0x08009b51   Thumb Code    74  sim800.o(.text)
    Send_Text_Sms                            0x08009b9b   Thumb Code    62  sim800.o(.text)
    Wait_CREG                                0x08009bd9   Thumb Code    90  sim800.o(.text)
    Timer5_Init_Config                       0x08009cd9   Thumb Code    92  timersim.o(.text)
    USART2_Init_Config                       0x08009d39   Thumb Code   170  usartsim.o(.text)
    UART2_SendString                         0x08009de3   Thumb Code    52  usartsim.o(.text)
    __use_no_semihosting                     0x08009e21   Thumb Code     2  use_no_semi_2.o(.text)
    __c89vsprintf                            0x08009e25   Thumb Code    32  c89vsprintf.o(.text)
    __2printf                                0x08009e49   Thumb Code    20  __2printf.o(.text)
    __2sprintf                               0x08009e61   Thumb Code    38  __2sprintf.o(.text)
    _printf_str                              0x08009e8d   Thumb Code    82  _printf_str.o(.text)
    _printf_int_dec                          0x08009ee1   Thumb Code   104  _printf_dec.o(.text)
    _printf_longlong_hex                     0x08009f59   Thumb Code    86  _printf_hex_int_ll_ptr.o(.text)
    _printf_int_hex                          0x08009faf   Thumb Code    28  _printf_hex_int_ll_ptr.o(.text)
    _printf_ll_hex                           0x08009fcb   Thumb Code    12  _printf_hex_int_ll_ptr.o(.text)
    _printf_hex_ptr                          0x08009fd7   Thumb Code    18  _printf_hex_int_ll_ptr.o(.text)
    __printf                                 0x08009fed   Thumb Code   388  __printf_flags_ss_wp.o(.text)
    strstr                                   0x0800a175   Thumb Code    36  strstr.o(.text)
    memcmp                                   0x0800a199   Thumb Code    88  memcmp.o(.text)
    strlen                                   0x0800a1f1   Thumb Code    62  strlen.o(.text)
    strcat                                   0x0800a22f   Thumb Code    24  strcat.o(.text)
    __aeabi_memcpy                           0x0800a247   Thumb Code     0  rt_memcpy_v6.o(.text)
    __rt_memcpy                              0x0800a247   Thumb Code   138  rt_memcpy_v6.o(.text)
    _memcpy_lastbytes                        0x0800a2ad   Thumb Code     0  rt_memcpy_v6.o(.text)
    __aeabi_memcpy4                          0x0800a2d1   Thumb Code     0  rt_memcpy_w.o(.text)
    __aeabi_memcpy8                          0x0800a2d1   Thumb Code     0  rt_memcpy_w.o(.text)
    __rt_memcpy_w                            0x0800a2d1   Thumb Code   100  rt_memcpy_w.o(.text)
    _memcpy_lastbytes_aligned                0x0800a319   Thumb Code     0  rt_memcpy_w.o(.text)
    __aeabi_memclr                           0x0800a335   Thumb Code     0  rt_memclr.o(.text)
    __rt_memclr                              0x0800a335   Thumb Code    68  rt_memclr.o(.text)
    _memset                                  0x0800a339   Thumb Code     0  rt_memclr.o(.text)
    __aeabi_memclr4                          0x0800a379   Thumb Code     0  rt_memclr_w.o(.text)
    __aeabi_memclr8                          0x0800a379   Thumb Code     0  rt_memclr_w.o(.text)
    __rt_memclr_w                            0x0800a379   Thumb Code    78  rt_memclr_w.o(.text)
    _memset_w                                0x0800a37d   Thumb Code     0  rt_memclr_w.o(.text)
    __use_two_region_memory                  0x0800a3c7   Thumb Code     2  heapauxi.o(.text)
    __rt_heap_escrow$2region                 0x0800a3c9   Thumb Code     2  heapauxi.o(.text)
    __rt_heap_expand$2region                 0x0800a3cb   Thumb Code     2  heapauxi.o(.text)
    __I$use$semihosting                      0x0800a3cd   Thumb Code     0  use_no_semi.o(.text)
    __use_no_semihosting_swi                 0x0800a3cd   Thumb Code     2  use_no_semi.o(.text)
    _printf_pre_padding                      0x0800a3cf   Thumb Code    44  _printf_pad.o(.text)
    _printf_post_padding                     0x0800a3fb   Thumb Code    34  _printf_pad.o(.text)
    _printf_truncate_signed                  0x0800a41d   Thumb Code    18  _printf_truncate.o(.text)
    _printf_truncate_unsigned                0x0800a42f   Thumb Code    18  _printf_truncate.o(.text)
    _printf_int_common                       0x0800a441   Thumb Code   178  _printf_intcommon.o(.text)
    _printf_charcount                        0x0800a4f3   Thumb Code    40  _printf_charcount.o(.text)
    _printf_char_common                      0x0800a527   Thumb Code    32  _printf_char_common.o(.text)
    _sputc                                   0x0800a54d   Thumb Code    10  _sputc.o(.text)
    _printf_cs_common                        0x0800a557   Thumb Code    20  _printf_char.o(.text)
    _printf_char                             0x0800a56b   Thumb Code    16  _printf_char.o(.text)
    _printf_string                           0x0800a57b   Thumb Code     8  _printf_char.o(.text)
    _printf_char_file                        0x0800a585   Thumb Code    32  _printf_char_file.o(.text)
    _printf_wctomb                           0x0800a5a9   Thumb Code   182  _printf_wctomb.o(.text)
    _printf_longlong_dec                     0x0800a665   Thumb Code   108  _printf_longlong_dec.o(.text)
    _printf_longlong_oct                     0x0800a6e1   Thumb Code    66  _printf_oct_int_ll.o(.text)
    _printf_int_oct                          0x0800a723   Thumb Code    24  _printf_oct_int_ll.o(.text)
    _printf_ll_oct                           0x0800a73b   Thumb Code    12  _printf_oct_int_ll.o(.text)
    _ll_udiv10                               0x0800a751   Thumb Code   138  lludiv10.o(.text)
    __lib_sel_fp_printf                      0x0800a7db   Thumb Code     2  _printf_fp_dec.o(.text)
    _printf_fp_dec_real                      0x0800a98d   Thumb Code   620  _printf_fp_dec.o(.text)
    _printf_lcs_common                       0x0800abf9   Thumb Code    20  _printf_wchar.o(.text)
    _printf_wchar                            0x0800ac0d   Thumb Code    16  _printf_wchar.o(.text)
    _printf_wstring                          0x0800ac1d   Thumb Code     8  _printf_wchar.o(.text)
    ferror                                   0x0800ac25   Thumb Code     8  ferror.o(.text)
    _wcrtomb                                 0x0800ac2d   Thumb Code    64  _wcrtomb.o(.text)
    __user_setup_stackheap                   0x0800ac6d   Thumb Code    74  sys_stackheap_outer.o(.text)
    __rt_ctype_table                         0x0800acb9   Thumb Code    16  rt_ctype_table.o(.text)
    __rt_locale                              0x0800acc9   Thumb Code     8  rt_locale_intlibspace.o(.text)
    _printf_fp_infnan                        0x0800acd1   Thumb Code   112  _printf_fp_infnan.o(.text)
    _btod_etento                             0x0800ad51   Thumb Code   224  bigflt0.o(.text)
    exit                                     0x0800ae35   Thumb Code    18  exit.o(.text)
    __user_libspace                          0x0800ae49   Thumb Code     8  libspace.o(.text)
    __user_perproc_libspace                  0x0800ae49   Thumb Code     0  libspace.o(.text)
    __user_perthread_libspace                0x0800ae49   Thumb Code     0  libspace.o(.text)
    strcmp                                   0x0800ae51   Thumb Code   128  strcmpv7m.o(.text)
    _btod_d2e                                0x0800aed1   Thumb Code    62  btod.o(CL$$btod_d2e)
    _d2e_denorm_low                          0x0800af0f   Thumb Code    70  btod.o(CL$$btod_d2e_denorm_low)
    _d2e_norm_op1                            0x0800af55   Thumb Code    96  btod.o(CL$$btod_d2e_norm_op1)
    __btod_div_common                        0x0800afb5   Thumb Code   696  btod.o(CL$$btod_div_common)
    _e2e                                     0x0800b2ed   Thumb Code   220  btod.o(CL$$btod_e2e)
    _btod_ediv                               0x0800b3c9   Thumb Code    42  btod.o(CL$$btod_ediv)
    _btod_emul                               0x0800b3f3   Thumb Code    42  btod.o(CL$$btod_emul)
    __btod_mult_common                       0x0800b41d   Thumb Code   580  btod.o(CL$$btod_mult_common)
    __ARM_fpclassify                         0x0800b661   Thumb Code    40  fpclassify.o(i.__ARM_fpclassify)
    _is_digit                                0x0800b689   Thumb Code    14  __printf_wp.o(i._is_digit)
    _get_lc_numeric                          0x0800b699   Thumb Code    44  lc_numeric_c.o(locale$$code)
    _get_lc_ctype                            0x0800b6c5   Thumb Code    44  lc_ctype_c.o(locale$$code)
    __aeabi_d2f                              0x0800b6f1   Thumb Code     0  d2f.o(x$fpl$d2f)
    _d2f                                     0x0800b6f1   Thumb Code    98  d2f.o(x$fpl$d2f)
    __aeabi_dadd                             0x0800b755   Thumb Code     0  daddsub_clz.o(x$fpl$dadd)
    _dadd                                    0x0800b755   Thumb Code   332  daddsub_clz.o(x$fpl$dadd)
    __fpl_dcmp_Inf                           0x0800b8a5   Thumb Code    24  dcmpi.o(x$fpl$dcmpinf)
    __aeabi_ddiv                             0x0800b8bd   Thumb Code     0  ddiv.o(x$fpl$ddiv)
    _ddiv                                    0x0800b8bd   Thumb Code   552  ddiv.o(x$fpl$ddiv)
    __aeabi_d2uiz                            0x0800bb6d   Thumb Code     0  dfixu.o(x$fpl$dfixu)
    _dfixu                                   0x0800bb6d   Thumb Code    90  dfixu.o(x$fpl$dfixu)
    __aeabi_ui2d                             0x0800bbc7   Thumb Code     0  dflt_clz.o(x$fpl$dfltu)
    _dfltu                                   0x0800bbc7   Thumb Code    38  dflt_clz.o(x$fpl$dfltu)
    __aeabi_cdcmple                          0x0800bbed   Thumb Code     0  dleqf.o(x$fpl$dleqf)
    _dcmple                                  0x0800bbed   Thumb Code   120  dleqf.o(x$fpl$dleqf)
    __fpl_dcmple_InfNaN                      0x0800bc4f   Thumb Code     0  dleqf.o(x$fpl$dleqf)
    __aeabi_dmul                             0x0800bc65   Thumb Code     0  dmul.o(x$fpl$dmul)
    _dmul                                    0x0800bc65   Thumb Code   332  dmul.o(x$fpl$dmul)
    __fpl_dnaninf                            0x0800bdb9   Thumb Code   156  dnaninf.o(x$fpl$dnaninf)
    __fpl_dretinf                            0x0800be55   Thumb Code    12  dretinf.o(x$fpl$dretinf)
    __aeabi_cdrcmple                         0x0800be61   Thumb Code     0  drleqf.o(x$fpl$drleqf)
    _drcmple                                 0x0800be61   Thumb Code   108  drleqf.o(x$fpl$drleqf)
    __aeabi_dsub                             0x0800becd   Thumb Code     0  daddsub_clz.o(x$fpl$dsub)
    _dsub                                    0x0800becd   Thumb Code   464  daddsub_clz.o(x$fpl$dsub)
    __aeabi_f2d                              0x0800c0a1   Thumb Code     0  f2d.o(x$fpl$f2d)
    _f2d                                     0x0800c0a1   Thumb Code    86  f2d.o(x$fpl$f2d)
    __aeabi_fadd                             0x0800c0f9   Thumb Code     0  faddsub_clz.o(x$fpl$fadd)
    _fadd                                    0x0800c0f9   Thumb Code   196  faddsub_clz.o(x$fpl$fadd)
    __fpl_fcmp_Inf                           0x0800c1bd   Thumb Code    24  fcmpi.o(x$fpl$fcmpinf)
    __aeabi_fdiv                             0x0800c1d5   Thumb Code     0  fdiv.o(x$fpl$fdiv)
    _fdiv                                    0x0800c1d5   Thumb Code   384  fdiv.o(x$fpl$fdiv)
    __aeabi_f2uiz                            0x0800c359   Thumb Code     0  ffixu.o(x$fpl$ffixu)
    _ffixu                                   0x0800c359   Thumb Code    62  ffixu.o(x$fpl$ffixu)
    __aeabi_i2f                              0x0800c399   Thumb Code     0  fflt_clz.o(x$fpl$fflt)
    _fflt                                    0x0800c399   Thumb Code    48  fflt_clz.o(x$fpl$fflt)
    __aeabi_ui2f                             0x0800c3c9   Thumb Code     0  fflt_clz.o(x$fpl$ffltu)
    _ffltu                                   0x0800c3c9   Thumb Code    38  fflt_clz.o(x$fpl$ffltu)
    __aeabi_cfcmple                          0x0800c3f1   Thumb Code     0  fleqf.o(x$fpl$fleqf)
    _fcmple                                  0x0800c3f1   Thumb Code   104  fleqf.o(x$fpl$fleqf)
    __fpl_fcmple_InfNaN                      0x0800c443   Thumb Code     0  fleqf.o(x$fpl$fleqf)
    __aeabi_fmul                             0x0800c459   Thumb Code     0  fmul.o(x$fpl$fmul)
    _fmul                                    0x0800c459   Thumb Code   258  fmul.o(x$fpl$fmul)
    __fpl_fnaninf                            0x0800c55b   Thumb Code   140  fnaninf.o(x$fpl$fnaninf)
    __fpl_fretinf                            0x0800c5e7   Thumb Code    10  fretinf.o(x$fpl$fretinf)
    __aeabi_cfrcmple                         0x0800c5f1   Thumb Code     0  frleqf.o(x$fpl$frleqf)
    _frcmple                                 0x0800c5f1   Thumb Code    98  frleqf.o(x$fpl$frleqf)
    __aeabi_frsub                            0x0800c653   Thumb Code     0  faddsub_clz.o(x$fpl$frsb)
    _frsb                                    0x0800c653   Thumb Code    20  faddsub_clz.o(x$fpl$frsb)
    __aeabi_fsub                             0x0800c669   Thumb Code     0  faddsub_clz.o(x$fpl$fsub)
    _fsub                                    0x0800c669   Thumb Code   234  faddsub_clz.o(x$fpl$fsub)
    _printf_fp_dec                           0x0800c753   Thumb Code     4  printf1.o(x$fpl$printf1)
    __I$use$fp                               0x0800c756   Number         0  usenofp.o(x$fpl$usenofp)
    asc2_1206                                0x0800c756   Data        1140  lcd.o(.constdata)
    asc2_1608                                0x0800cbca   Data        1520  lcd.o(.constdata)
    asc2_2412                                0x0800d1ba   Data        3420  lcd.o(.constdata)
    Region$$Table$$Base                      0x0800e0cc   Number         0  anon$$obj.o(Region$$Table)
    Region$$Table$$Limit                     0x0800e0ec   Number         0  anon$$obj.o(Region$$Table)
    __ctype                                  0x0800e115   Data           0  lc_ctype_c.o(locale$$data)
    cmdLED_On                                0x20000000   Data           4  main.o(.data)
    cmdLED_Off                               0x20000004   Data           4  main.o(.data)
    cmdDHT11_On                              0x20000008   Data           4  main.o(.data)
    cmdDHT11_Off                             0x2000000c   Data           4  main.o(.data)
    ledFlag                                  0x20000010   Data           4  main.o(.data)
    dhtFlag                                  0x20000014   Data           4  main.o(.data)
    SystemCoreClock                          0x20000018   Data           4  system_stm32f10x.o(.data)
    AHBPrescTable                            0x2000001c   Data          16  system_stm32f10x.o(.data)
    POINT_COLOR                              0x2000002e   Data           2  lcd.o(.data)
    BACK_COLOR                               0x20000030   Data           2  lcd.o(.data)
    MQTT_RxDataInPtr                         0x20000034   Data           4  mqtt.o(.data)
    MQTT_RxDataOutPtr                        0x20000038   Data           4  mqtt.o(.data)
    MQTT_RxDataEndPtr                        0x2000003c   Data           4  mqtt.o(.data)
    MQTT_TxDataInPtr                         0x20000040   Data           4  mqtt.o(.data)
    MQTT_TxDataOutPtr                        0x20000044   Data           4  mqtt.o(.data)
    MQTT_TxDataEndPtr                        0x20000048   Data           4  mqtt.o(.data)
    MQTT_CMDInPtr                            0x2000004c   Data           4  mqtt.o(.data)
    MQTT_CMDOutPtr                           0x20000050   Data           4  mqtt.o(.data)
    MQTT_CMDEndPtr                           0x20000054   Data           4  mqtt.o(.data)
    ClientID_len                             0x20000058   Data           4  mqtt.o(.data)
    Username_len                             0x2000005c   Data           4  mqtt.o(.data)
    Passward_len                             0x20000060   Data           4  mqtt.o(.data)
    ServerPort                               0x20000064   Data           4  mqtt.o(.data)
    Fixed_len                                0x20000068   Data           4  mqtt.o(.data)
    Variable_len                             0x2000006c   Data           4  mqtt.o(.data)
    Payload_len                              0x20000070   Data           4  mqtt.o(.data)
    pingFlag                                 0x20000074   Data           1  mqtt.o(.data)
    connectFlag                              0x20000075   Data           1  mqtt.o(.data)
    connectPackFlag                          0x20000076   Data           1  mqtt.o(.data)
    subcribePackFlag                         0x20000077   Data           1  mqtt.o(.data)
    __stdout                                 0x20000078   Data           4  usart1.o(.data)
    Usart2_RxCompleted                       0x2000007c   Data           1  usart2.o(.data)
    Usart2_RxCounter                         0x20000080   Data           4  usart2.o(.data)
    wifi_mode                                0x20000084   Data           1  wifi.o(.data)
    p                                        0x20000088   Data           4  wifi.o(.data)
    SMS_Num                                  0x200000a8   Data           4  sim800.o(.data)
    phone                                    0x200000ac   Data           4  sim800.o(.data)
    content                                  0x200000b0   Data           4  sim800.o(.data)
    Times                                    0x200000b4   Data           1  sim800.o(.data)
    First_Int                                0x200000b5   Data           1  sim800.o(.data)
    shijian                                  0x200000b6   Data           1  sim800.o(.data)
    Timer0_start                             0x200000b7   Data           1  sim800.o(.data)
    Uart2_Start                              0x200000b8   Data           1  sim800.o(.data)
    Uart2_End                                0x200000b9   Data           1  sim800.o(.data)
    lcddev                                   0x200000bc   Data          14  lcd.o(.bss)
    MQTT_RxDataBuf                           0x200000ca   Data        1500  mqtt.o(.bss)
    MQTT_TxDataBuf                           0x200006a6   Data        1500  mqtt.o(.bss)
    MQTT_CMDBuf                              0x20000c82   Data        1500  mqtt.o(.bss)
    ClientID                                 0x2000125e   Data         128  mqtt.o(.bss)
    Username                                 0x200012de   Data         128  mqtt.o(.bss)
    Passward                                 0x2000135e   Data         128  mqtt.o(.bss)
    ServerIP                                 0x200013de   Data         128  mqtt.o(.bss)
    temp_buff                                0x2000145e   Data         300  mqtt.o(.bss)
    Usart1_TxBuff                            0x20001590   Data         256  usart1.o(.bss)
    Usart2_RxBuff                            0x20001690   Data        1024  usart2.o(.bss)
    USART2_TxBuff                            0x20001a90   Data        1024  usart2.o(.bss)
    Uart2_Buf                                0x20001e90   Data         200  sim800.o(.bss)
    __libspace_start                         0x20001f58   Data          96  libspace.o(.bss)
    __temporary_stack_top$libspace           0x20001fb8   Data           0  libspace.o(.bss)



==============================================================================

Memory Map of the image

  Image Entry point : 0x08000131

  Load Region LR_IROM1 (Base: 0x08000000, Size: 0x0000e2d4, Max: 0x00080000, ABSOLUTE)

    Execution Region ER_IROM1 (Exec base: 0x08000000, Load base: 0x08000000, Size: 0x0000e218, Max: 0x00080000, ABSOLUTE)

    Exec Addr    Load Addr    Size         Type   Attr      Idx    E Section Name        Object

    0x08000000   0x08000000   0x00000130   Data   RO          549    RESET               startup_stm32f10x_hd.o
    0x08000130   0x08000130   0x00000008   Code   RO          822  * !!!main             c_w.l(__main.o)
    0x08000138   0x08000138   0x00000034   Code   RO         1156    !!!scatter          c_w.l(__scatter.o)
    0x0800016c   0x0800016c   0x0000001a   Code   RO         1158    !!handler_copy      c_w.l(__scatter_copy.o)
    0x08000186   0x08000186   0x00000002   PAD
    0x08000188   0x08000188   0x0000001c   Code   RO         1160    !!handler_zi        c_w.l(__scatter_zi.o)
    0x080001a4   0x080001a4   0x00000000   Code   RO          803    .ARM.Collect$$_printf_percent$$00000000  c_w.l(_printf_percent.o)
    0x080001a4   0x080001a4   0x00000006   Code   RO          910    .ARM.Collect$$_printf_percent$$00000001  c_w.l(_printf_n.o)
    0x080001aa   0x080001aa   0x00000006   Code   RO          911    .ARM.Collect$$_printf_percent$$00000002  c_w.l(_printf_p.o)
    0x080001b0   0x080001b0   0x00000006   Code   RO          915    .ARM.Collect$$_printf_percent$$00000003  c_w.l(_printf_f.o)
    0x080001b6   0x080001b6   0x00000006   Code   RO          916    .ARM.Collect$$_printf_percent$$00000004  c_w.l(_printf_e.o)
    0x080001bc   0x080001bc   0x00000006   Code   RO          917    .ARM.Collect$$_printf_percent$$00000005  c_w.l(_printf_g.o)
    0x080001c2   0x080001c2   0x00000006   Code   RO          918    .ARM.Collect$$_printf_percent$$00000006  c_w.l(_printf_a.o)
    0x080001c8   0x080001c8   0x0000000a   Code   RO          923    .ARM.Collect$$_printf_percent$$00000007  c_w.l(_printf_ll.o)
    0x080001d2   0x080001d2   0x00000006   Code   RO          913    .ARM.Collect$$_printf_percent$$00000008  c_w.l(_printf_i.o)
    0x080001d8   0x080001d8   0x00000006   Code   RO          802    .ARM.Collect$$_printf_percent$$00000009  c_w.l(_printf_d.o)
    0x080001de   0x080001de   0x00000006   Code   RO          914    .ARM.Collect$$_printf_percent$$0000000A  c_w.l(_printf_u.o)
    0x080001e4   0x080001e4   0x00000006   Code   RO          912    .ARM.Collect$$_printf_percent$$0000000B  c_w.l(_printf_o.o)
    0x080001ea   0x080001ea   0x00000006   Code   RO          801    .ARM.Collect$$_printf_percent$$0000000C  c_w.l(_printf_x.o)
    0x080001f0   0x080001f0   0x00000006   Code   RO          920    .ARM.Collect$$_printf_percent$$0000000D  c_w.l(_printf_lli.o)
    0x080001f6   0x080001f6   0x00000006   Code   RO          921    .ARM.Collect$$_printf_percent$$0000000E  c_w.l(_printf_lld.o)
    0x080001fc   0x080001fc   0x00000006   Code   RO          922    .ARM.Collect$$_printf_percent$$0000000F  c_w.l(_printf_llu.o)
    0x08000202   0x08000202   0x00000006   Code   RO          927    .ARM.Collect$$_printf_percent$$00000010  c_w.l(_printf_llo.o)
    0x08000208   0x08000208   0x00000006   Code   RO          928    .ARM.Collect$$_printf_percent$$00000011  c_w.l(_printf_llx.o)
    0x0800020e   0x0800020e   0x0000000a   Code   RO          924    .ARM.Collect$$_printf_percent$$00000012  c_w.l(_printf_l.o)
    0x08000218   0x08000218   0x00000006   Code   RO          799    .ARM.Collect$$_printf_percent$$00000013  c_w.l(_printf_c.o)
    0x0800021e   0x0800021e   0x00000006   Code   RO          800    .ARM.Collect$$_printf_percent$$00000014  c_w.l(_printf_s.o)
    0x08000224   0x08000224   0x00000006   Code   RO          925    .ARM.Collect$$_printf_percent$$00000015  c_w.l(_printf_lc.o)
    0x0800022a   0x0800022a   0x00000006   Code   RO          926    .ARM.Collect$$_printf_percent$$00000016  c_w.l(_printf_ls.o)
    0x08000230   0x08000230   0x00000004   Code   RO          919    .ARM.Collect$$_printf_percent$$00000017  c_w.l(_printf_percent_end.o)
    0x08000234   0x08000234   0x00000002   Code   RO         1019    .ARM.Collect$$libinit$$00000000  c_w.l(libinit.o)
    0x08000236   0x08000236   0x00000000   Code   RO         1035    .ARM.Collect$$libinit$$00000002  c_w.l(libinit2.o)
    0x08000236   0x08000236   0x00000000   Code   RO         1037    .ARM.Collect$$libinit$$00000004  c_w.l(libinit2.o)
    0x08000236   0x08000236   0x00000000   Code   RO         1040    .ARM.Collect$$libinit$$0000000A  c_w.l(libinit2.o)
    0x08000236   0x08000236   0x00000000   Code   RO         1042    .ARM.Collect$$libinit$$0000000C  c_w.l(libinit2.o)
    0x08000236   0x08000236   0x00000000   Code   RO         1044    .ARM.Collect$$libinit$$0000000E  c_w.l(libinit2.o)
    0x08000236   0x08000236   0x00000006   Code   RO         1045    .ARM.Collect$$libinit$$0000000F  c_w.l(libinit2.o)
    0x0800023c   0x0800023c   0x00000000   Code   RO         1047    .ARM.Collect$$libinit$$00000011  c_w.l(libinit2.o)
    0x0800023c   0x0800023c   0x0000000c   Code   RO         1048    .ARM.Collect$$libinit$$00000012  c_w.l(libinit2.o)
    0x08000248   0x08000248   0x00000000   Code   RO         1049    .ARM.Collect$$libinit$$00000013  c_w.l(libinit2.o)
    0x08000248   0x08000248   0x00000000   Code   RO         1051    .ARM.Collect$$libinit$$00000015  c_w.l(libinit2.o)
    0x08000248   0x08000248   0x0000000a   Code   RO         1052    .ARM.Collect$$libinit$$00000016  c_w.l(libinit2.o)
    0x08000252   0x08000252   0x00000000   Code   RO         1053    .ARM.Collect$$libinit$$00000017  c_w.l(libinit2.o)
    0x08000252   0x08000252   0x00000000   Code   RO         1055    .ARM.Collect$$libinit$$00000019  c_w.l(libinit2.o)
    0x08000252   0x08000252   0x00000000   Code   RO         1057    .ARM.Collect$$libinit$$0000001B  c_w.l(libinit2.o)
    0x08000252   0x08000252   0x00000000   Code   RO         1059    .ARM.Collect$$libinit$$0000001D  c_w.l(libinit2.o)
    0x08000252   0x08000252   0x00000000   Code   RO         1061    .ARM.Collect$$libinit$$0000001F  c_w.l(libinit2.o)
    0x08000252   0x08000252   0x00000000   Code   RO         1063    .ARM.Collect$$libinit$$00000021  c_w.l(libinit2.o)
    0x08000252   0x08000252   0x00000000   Code   RO         1065    .ARM.Collect$$libinit$$00000023  c_w.l(libinit2.o)
    0x08000252   0x08000252   0x00000000   Code   RO         1067    .ARM.Collect$$libinit$$00000025  c_w.l(libinit2.o)
    0x08000252   0x08000252   0x00000000   Code   RO         1071    .ARM.Collect$$libinit$$0000002C  c_w.l(libinit2.o)
    0x08000252   0x08000252   0x00000000   Code   RO         1073    .ARM.Collect$$libinit$$0000002E  c_w.l(libinit2.o)
    0x08000252   0x08000252   0x00000000   Code   RO         1075    .ARM.Collect$$libinit$$00000030  c_w.l(libinit2.o)
    0x08000252   0x08000252   0x00000000   Code   RO         1077    .ARM.Collect$$libinit$$00000032  c_w.l(libinit2.o)
    0x08000252   0x08000252   0x00000002   Code   RO         1078    .ARM.Collect$$libinit$$00000033  c_w.l(libinit2.o)
    0x08000254   0x08000254   0x00000002   Code   RO         1096    .ARM.Collect$$libshutdown$$00000000  c_w.l(libshutdown.o)
    0x08000256   0x08000256   0x00000000   Code   RO         1106    .ARM.Collect$$libshutdown$$00000002  c_w.l(libshutdown2.o)
    0x08000256   0x08000256   0x00000000   Code   RO         1108    .ARM.Collect$$libshutdown$$00000004  c_w.l(libshutdown2.o)
    0x08000256   0x08000256   0x00000000   Code   RO         1110    .ARM.Collect$$libshutdown$$00000006  c_w.l(libshutdown2.o)
    0x08000256   0x08000256   0x00000000   Code   RO         1113    .ARM.Collect$$libshutdown$$00000009  c_w.l(libshutdown2.o)
    0x08000256   0x08000256   0x00000000   Code   RO         1116    .ARM.Collect$$libshutdown$$0000000C  c_w.l(libshutdown2.o)
    0x08000256   0x08000256   0x00000000   Code   RO         1118    .ARM.Collect$$libshutdown$$0000000E  c_w.l(libshutdown2.o)
    0x08000256   0x08000256   0x00000000   Code   RO         1121    .ARM.Collect$$libshutdown$$00000011  c_w.l(libshutdown2.o)
    0x08000256   0x08000256   0x00000002   Code   RO         1122    .ARM.Collect$$libshutdown$$00000012  c_w.l(libshutdown2.o)
    0x08000258   0x08000258   0x00000000   Code   RO          882    .ARM.Collect$$rtentry$$00000000  c_w.l(__rtentry.o)
    0x08000258   0x08000258   0x00000000   Code   RO          945    .ARM.Collect$$rtentry$$00000002  c_w.l(__rtentry2.o)
    0x08000258   0x08000258   0x00000006   Code   RO          957    .ARM.Collect$$rtentry$$00000004  c_w.l(__rtentry4.o)
    0x0800025e   0x0800025e   0x00000000   Code   RO          947    .ARM.Collect$$rtentry$$00000009  c_w.l(__rtentry2.o)
    0x0800025e   0x0800025e   0x00000004   Code   RO          948    .ARM.Collect$$rtentry$$0000000A  c_w.l(__rtentry2.o)
    0x08000262   0x08000262   0x00000000   Code   RO          950    .ARM.Collect$$rtentry$$0000000C  c_w.l(__rtentry2.o)
    0x08000262   0x08000262   0x00000008   Code   RO          951    .ARM.Collect$$rtentry$$0000000D  c_w.l(__rtentry2.o)
    0x0800026a   0x0800026a   0x00000002   Code   RO         1027    .ARM.Collect$$rtexit$$00000000  c_w.l(rtexit.o)
    0x0800026c   0x0800026c   0x00000000   Code   RO         1080    .ARM.Collect$$rtexit$$00000002  c_w.l(rtexit2.o)
    0x0800026c   0x0800026c   0x00000004   Code   RO         1081    .ARM.Collect$$rtexit$$00000003  c_w.l(rtexit2.o)
    0x08000270   0x08000270   0x00000006   Code   RO         1082    .ARM.Collect$$rtexit$$00000004  c_w.l(rtexit2.o)
    0x08000276   0x08000276   0x00000002   PAD
    0x08000278   0x08000278   0x000006a0   Code   RO            1    .text               main.o
    0x08000918   0x08000918   0x000001e0   Code   RO          183    .text               system_stm32f10x.o
    0x08000af8   0x08000af8   0x00000064   Code   RO          201    .text               led.o
    0x08000b5c   0x08000b5c   0x000000d8   Code   RO          239    .text               key.o
    0x08000c34   0x08000c34   0x00004a56   Code   RO          252    .text               lcd.o
    0x0800568a   0x0800568a   0x00000002   PAD
    0x0800568c   0x0800568c   0x0000019c   Code   RO          288    .text               dht11.o
    0x08005828   0x08005828   0x000000f4   Code   RO          300    .text               control.o
    0x0800591c   0x0800591c   0x00000768   Code   RO          317    .text               mqtt.o
    0x08006084   0x08006084   0x00000076   Code   RO          344    .text               timer2.o
    0x080060fa   0x080060fa   0x00000002   PAD
    0x080060fc   0x080060fc   0x000000ec   Code   RO          356    .text               timer3.o
    0x080061e8   0x080061e8   0x00000070   Code   RO          368    .text               timer4.o
    0x08006258   0x08006258   0x000000f4   Code   RO          383    .text               usart1.o
    0x0800634c   0x0800634c   0x0000015c   Code   RO          406    .text               usart2.o
    0x080064a8   0x080064a8   0x00000904   Code   RO          429    .text               wifi.o
    0x08006dac   0x08006dac   0x00000514   Code   RO          445    .text               stm32f10x_it.o
    0x080072c0   0x080072c0   0x000000d4   Code   RO          466    .text               delay.o
    0x08007394   0x08007394   0x00000198   Code   RO          480    .text               adc.o
    0x0800752c   0x0800752c   0x00000034   Code   RO          496    .text               humanbodyinfrar.o
    0x08007560   0x08007560   0x00000038   Code   RO          508    .text               beep.o
    0x08007598   0x08007598   0x00000040   Code   RO          550    .text               startup_stm32f10x_hd.o
    0x080075d8   0x080075d8   0x000000dc   Code   RO          554    .text               misc.o
    0x080076b4   0x080076b4   0x0000060c   Code   RO          566    .text               stm32f10x_fsmc.o
    0x08007cc0   0x08007cc0   0x0000035c   Code   RO          578    .text               stm32f10x_gpio.o
    0x0800801c   0x0800801c   0x000003a4   Code   RO          590    .text               stm32f10x_rcc.o
    0x080083c0   0x080083c0   0x00000408   Code   RO          604    .text               stm32f10x_usart.o
    0x080087c8   0x080087c8   0x00000e1a   Code   RO          616    .text               stm32f10x_tim.o
    0x080095e2   0x080095e2   0x00000002   PAD
    0x080095e4   0x080095e4   0x0000044e   Code   RO          676    .text               stm32f10x_adc.o
    0x08009a32   0x08009a32   0x00000002   PAD
    0x08009a34   0x08009a34   0x000002a4   Code   RO          688    .text               sim800.o
    0x08009cd8   0x08009cd8   0x00000060   Code   RO          706    .text               timersim.o
    0x08009d38   0x08009d38   0x000000e8   Code   RO          722    .text               usartsim.o
    0x08009e20   0x08009e20   0x00000002   Code   RO          740    .text               c_w.l(use_no_semi_2.o)
    0x08009e22   0x08009e22   0x00000002   PAD
    0x08009e24   0x08009e24   0x00000024   Code   RO          742    .text               c_w.l(c89vsprintf.o)
    0x08009e48   0x08009e48   0x00000018   Code   RO          744    .text               c_w.l(__2printf.o)
    0x08009e60   0x08009e60   0x0000002c   Code   RO          746    .text               c_w.l(__2sprintf.o)
    0x08009e8c   0x08009e8c   0x00000052   Code   RO          754    .text               c_w.l(_printf_str.o)
    0x08009ede   0x08009ede   0x00000002   PAD
    0x08009ee0   0x08009ee0   0x00000078   Code   RO          756    .text               c_w.l(_printf_dec.o)
    0x08009f58   0x08009f58   0x00000094   Code   RO          776    .text               c_w.l(_printf_hex_int_ll_ptr.o)
    0x08009fec   0x08009fec   0x00000188   Code   RO          796    .text               c_w.l(__printf_flags_ss_wp.o)
    0x0800a174   0x0800a174   0x00000024   Code   RO          804    .text               c_w.l(strstr.o)
    0x0800a198   0x0800a198   0x00000058   Code   RO          806    .text               c_w.l(memcmp.o)
    0x0800a1f0   0x0800a1f0   0x0000003e   Code   RO          808    .text               c_w.l(strlen.o)
    0x0800a22e   0x0800a22e   0x00000018   Code   RO          810    .text               c_w.l(strcat.o)
    0x0800a246   0x0800a246   0x0000008a   Code   RO          812    .text               c_w.l(rt_memcpy_v6.o)
    0x0800a2d0   0x0800a2d0   0x00000064   Code   RO          814    .text               c_w.l(rt_memcpy_w.o)
    0x0800a334   0x0800a334   0x00000044   Code   RO          816    .text               c_w.l(rt_memclr.o)
    0x0800a378   0x0800a378   0x0000004e   Code   RO          818    .text               c_w.l(rt_memclr_w.o)
    0x0800a3c6   0x0800a3c6   0x00000006   Code   RO          820    .text               c_w.l(heapauxi.o)
    0x0800a3cc   0x0800a3cc   0x00000002   Code   RO          880    .text               c_w.l(use_no_semi.o)
    0x0800a3ce   0x0800a3ce   0x0000004e   Code   RO          883    .text               c_w.l(_printf_pad.o)
    0x0800a41c   0x0800a41c   0x00000024   Code   RO          885    .text               c_w.l(_printf_truncate.o)
    0x0800a440   0x0800a440   0x000000b2   Code   RO          887    .text               c_w.l(_printf_intcommon.o)
    0x0800a4f2   0x0800a4f2   0x00000028   Code   RO          889    .text               c_w.l(_printf_charcount.o)
    0x0800a51a   0x0800a51a   0x00000002   PAD
    0x0800a51c   0x0800a51c   0x00000030   Code   RO          891    .text               c_w.l(_printf_char_common.o)
    0x0800a54c   0x0800a54c   0x0000000a   Code   RO          893    .text               c_w.l(_sputc.o)
    0x0800a556   0x0800a556   0x0000002c   Code   RO          895    .text               c_w.l(_printf_char.o)
    0x0800a582   0x0800a582   0x00000002   PAD
    0x0800a584   0x0800a584   0x00000024   Code   RO          897    .text               c_w.l(_printf_char_file.o)
    0x0800a5a8   0x0800a5a8   0x000000bc   Code   RO          899    .text               c_w.l(_printf_wctomb.o)
    0x0800a664   0x0800a664   0x0000007c   Code   RO          902    .text               c_w.l(_printf_longlong_dec.o)
    0x0800a6e0   0x0800a6e0   0x00000070   Code   RO          908    .text               c_w.l(_printf_oct_int_ll.o)
    0x0800a750   0x0800a750   0x0000008a   Code   RO          959    .text               c_w.l(lludiv10.o)
    0x0800a7da   0x0800a7da   0x0000041e   Code   RO          961    .text               c_w.l(_printf_fp_dec.o)
    0x0800abf8   0x0800abf8   0x0000002c   Code   RO          965    .text               c_w.l(_printf_wchar.o)
    0x0800ac24   0x0800ac24   0x00000008   Code   RO          967    .text               c_w.l(ferror.o)
    0x0800ac2c   0x0800ac2c   0x00000040   Code   RO          971    .text               c_w.l(_wcrtomb.o)
    0x0800ac6c   0x0800ac6c   0x0000004a   Code   RO          973    .text               c_w.l(sys_stackheap_outer.o)
    0x0800acb6   0x0800acb6   0x00000002   PAD
    0x0800acb8   0x0800acb8   0x00000010   Code   RO          975    .text               c_w.l(rt_ctype_table.o)
    0x0800acc8   0x0800acc8   0x00000008   Code   RO          980    .text               c_w.l(rt_locale_intlibspace.o)
    0x0800acd0   0x0800acd0   0x00000080   Code   RO          982    .text               c_w.l(_printf_fp_infnan.o)
    0x0800ad50   0x0800ad50   0x000000e4   Code   RO          984    .text               c_w.l(bigflt0.o)
    0x0800ae34   0x0800ae34   0x00000012   Code   RO         1012    .text               c_w.l(exit.o)
    0x0800ae46   0x0800ae46   0x00000002   PAD
    0x0800ae48   0x0800ae48   0x00000008   Code   RO         1024    .text               c_w.l(libspace.o)
    0x0800ae50   0x0800ae50   0x00000080   Code   RO         1032    .text               c_w.l(strcmpv7m.o)
    0x0800aed0   0x0800aed0   0x0000003e   Code   RO          987    CL$$btod_d2e        c_w.l(btod.o)
    0x0800af0e   0x0800af0e   0x00000046   Code   RO          989    CL$$btod_d2e_denorm_low  c_w.l(btod.o)
    0x0800af54   0x0800af54   0x00000060   Code   RO          988    CL$$btod_d2e_norm_op1  c_w.l(btod.o)
    0x0800afb4   0x0800afb4   0x00000338   Code   RO          997    CL$$btod_div_common  c_w.l(btod.o)
    0x0800b2ec   0x0800b2ec   0x000000dc   Code   RO          994    CL$$btod_e2e        c_w.l(btod.o)
    0x0800b3c8   0x0800b3c8   0x0000002a   Code   RO          991    CL$$btod_ediv       c_w.l(btod.o)
    0x0800b3f2   0x0800b3f2   0x0000002a   Code   RO          990    CL$$btod_emul       c_w.l(btod.o)
    0x0800b41c   0x0800b41c   0x00000244   Code   RO          996    CL$$btod_mult_common  c_w.l(btod.o)
    0x0800b660   0x0800b660   0x00000028   Code   RO         1022    i.__ARM_fpclassify  m_ws.l(fpclassify.o)
    0x0800b688   0x0800b688   0x0000000e   Code   RO          789    i._is_digit         c_w.l(__printf_wp.o)
    0x0800b696   0x0800b696   0x00000002   PAD
    0x0800b698   0x0800b698   0x0000002c   Code   RO         1010    locale$$code        c_w.l(lc_numeric_c.o)
    0x0800b6c4   0x0800b6c4   0x0000002c   Code   RO         1030    locale$$code        c_w.l(lc_ctype_c.o)
    0x0800b6f0   0x0800b6f0   0x00000062   Code   RO          824    x$fpl$d2f           fz_ws.l(d2f.o)
    0x0800b752   0x0800b752   0x00000002   PAD
    0x0800b754   0x0800b754   0x00000150   Code   RO          826    x$fpl$dadd          fz_ws.l(daddsub_clz.o)
    0x0800b8a4   0x0800b8a4   0x00000018   Code   RO          929    x$fpl$dcmpinf       fz_ws.l(dcmpi.o)
    0x0800b8bc   0x0800b8bc   0x000002b0   Code   RO          833    x$fpl$ddiv          fz_ws.l(ddiv.o)
    0x0800bb6c   0x0800bb6c   0x0000005a   Code   RO          836    x$fpl$dfixu         fz_ws.l(dfixu.o)
    0x0800bbc6   0x0800bbc6   0x00000026   Code   RO          840    x$fpl$dfltu         fz_ws.l(dflt_clz.o)
    0x0800bbec   0x0800bbec   0x00000078   Code   RO          846    x$fpl$dleqf         fz_ws.l(dleqf.o)
    0x0800bc64   0x0800bc64   0x00000154   Code   RO          848    x$fpl$dmul          fz_ws.l(dmul.o)
    0x0800bdb8   0x0800bdb8   0x0000009c   Code   RO          931    x$fpl$dnaninf       fz_ws.l(dnaninf.o)
    0x0800be54   0x0800be54   0x0000000c   Code   RO          933    x$fpl$dretinf       fz_ws.l(dretinf.o)
    0x0800be60   0x0800be60   0x0000006c   Code   RO          850    x$fpl$drleqf        fz_ws.l(drleqf.o)
    0x0800becc   0x0800becc   0x000001d4   Code   RO          828    x$fpl$dsub          fz_ws.l(daddsub_clz.o)
    0x0800c0a0   0x0800c0a0   0x00000056   Code   RO          852    x$fpl$f2d           fz_ws.l(f2d.o)
    0x0800c0f6   0x0800c0f6   0x00000002   PAD
    0x0800c0f8   0x0800c0f8   0x000000c4   Code   RO          854    x$fpl$fadd          fz_ws.l(faddsub_clz.o)
    0x0800c1bc   0x0800c1bc   0x00000018   Code   RO          935    x$fpl$fcmpinf       fz_ws.l(fcmpi.o)
    0x0800c1d4   0x0800c1d4   0x00000184   Code   RO          861    x$fpl$fdiv          fz_ws.l(fdiv.o)
    0x0800c358   0x0800c358   0x0000003e   Code   RO          864    x$fpl$ffixu         fz_ws.l(ffixu.o)
    0x0800c396   0x0800c396   0x00000002   PAD
    0x0800c398   0x0800c398   0x00000030   Code   RO          869    x$fpl$fflt          fz_ws.l(fflt_clz.o)
    0x0800c3c8   0x0800c3c8   0x00000026   Code   RO          868    x$fpl$ffltu         fz_ws.l(fflt_clz.o)
    0x0800c3ee   0x0800c3ee   0x00000002   PAD
    0x0800c3f0   0x0800c3f0   0x00000068   Code   RO          874    x$fpl$fleqf         fz_ws.l(fleqf.o)
    0x0800c458   0x0800c458   0x00000102   Code   RO          876    x$fpl$fmul          fz_ws.l(fmul.o)
    0x0800c55a   0x0800c55a   0x0000008c   Code   RO          937    x$fpl$fnaninf       fz_ws.l(fnaninf.o)
    0x0800c5e6   0x0800c5e6   0x0000000a   Code   RO          939    x$fpl$fretinf       fz_ws.l(fretinf.o)
    0x0800c5f0   0x0800c5f0   0x00000062   Code   RO          878    x$fpl$frleqf        fz_ws.l(frleqf.o)
    0x0800c652   0x0800c652   0x00000014   Code   RO          855    x$fpl$frsb          fz_ws.l(faddsub_clz.o)
    0x0800c666   0x0800c666   0x00000002   PAD
    0x0800c668   0x0800c668   0x000000ea   Code   RO          856    x$fpl$fsub          fz_ws.l(faddsub_clz.o)
    0x0800c752   0x0800c752   0x00000004   Code   RO          941    x$fpl$printf1       fz_ws.l(printf1.o)
    0x0800c756   0x0800c756   0x00000000   Code   RO          943    x$fpl$usenofp       fz_ws.l(usenofp.o)
    0x0800c756   0x0800c756   0x000017c0   Data   RO          254    .constdata          lcd.o
    0x0800df16   0x0800df16   0x00000002   PAD
    0x0800df18   0x0800df18   0x00000066   Data   RO          690    .constdata          sim800.o
    0x0800df7e   0x0800df7e   0x00000028   Data   RO          777    .constdata          c_w.l(_printf_hex_int_ll_ptr.o)
    0x0800dfa6   0x0800dfa6   0x00000011   Data   RO          797    .constdata          c_w.l(__printf_flags_ss_wp.o)
    0x0800dfb7   0x0800dfb7   0x00000001   PAD
    0x0800dfb8   0x0800dfb8   0x00000008   Data   RO          900    .constdata          c_w.l(_printf_wctomb.o)
    0x0800dfc0   0x0800dfc0   0x00000094   Data   RO          985    .constdata          c_w.l(bigflt0.o)
    0x0800e054   0x0800e054   0x0000001e   Data   RO            2    .conststring        main.o
    0x0800e072   0x0800e072   0x00000002   PAD
    0x0800e074   0x0800e074   0x0000001e   Data   RO          430    .conststring        wifi.o
    0x0800e092   0x0800e092   0x00000002   PAD
    0x0800e094   0x0800e094   0x00000035   Data   RO          691    .conststring        sim800.o
    0x0800e0c9   0x0800e0c9   0x00000003   PAD
    0x0800e0cc   0x0800e0cc   0x00000020   Data   RO         1154    Region$$Table       anon$$obj.o
    0x0800e0ec   0x0800e0ec   0x0000001c   Data   RO         1009    locale$$data        c_w.l(lc_numeric_c.o)
    0x0800e108   0x0800e108   0x00000110   Data   RO         1029    locale$$data        c_w.l(lc_ctype_c.o)


    Execution Region RW_IRAM1 (Exec base: 0x20000000, Load base: 0x0800e218, Size: 0x000025b8, Max: 0x00010000, ABSOLUTE)

    Exec Addr    Load Addr    Size         Type   Attr      Idx    E Section Name        Object

    0x20000000   0x0800e218   0x00000018   Data   RW            3    .data               main.o
    0x20000018   0x0800e230   0x00000014   Data   RW          184    .data               system_stm32f10x.o
    0x2000002c   0x0800e244   0x00000001   Data   RW          240    .data               key.o
    0x2000002d   0x0800e245   0x00000001   PAD
    0x2000002e   0x0800e246   0x00000004   Data   RW          255    .data               lcd.o
    0x20000032   0x0800e24a   0x00000002   PAD
    0x20000034   0x0800e24c   0x00000044   Data   RW          319    .data               mqtt.o
    0x20000078   0x0800e290   0x00000004   Data   RW          385    .data               usart1.o
    0x2000007c   0x0800e294   0x00000008   Data   RW          408    .data               usart2.o
    0x20000084   0x0800e29c   0x00000008   Data   RW          431    .data               wifi.o
    0x2000008c   0x0800e2a4   0x00000004   Data   RW          446    .data               stm32f10x_it.o
    0x20000090   0x0800e2a8   0x00000004   Data   RW          467    .data               delay.o
    0x20000094   0x0800e2ac   0x00000014   Data   RW          591    .data               stm32f10x_rcc.o
    0x200000a8   0x0800e2c0   0x00000013   Data   RW          692    .data               sim800.o
    0x200000bb   0x0800e2d3   0x00000001   PAD
    0x200000bc        -       0x0000000e   Zero   RW          253    .bss                lcd.o
    0x200000ca        -       0x000014c0   Zero   RW          318    .bss                mqtt.o
    0x2000158a   0x0800e2d3   0x00000006   PAD
    0x20001590        -       0x00000100   Zero   RW          384    .bss                usart1.o
    0x20001690        -       0x00000800   Zero   RW          407    .bss                usart2.o
    0x20001e90        -       0x000000c8   Zero   RW          689    .bss                sim800.o
    0x20001f58        -       0x00000060   Zero   RW         1025    .bss                c_w.l(libspace.o)
    0x20001fb8        -       0x00000200   Zero   RW          548    HEAP                startup_stm32f10x_hd.o
    0x200021b8        -       0x00000400   Zero   RW          547    STACK               startup_stm32f10x_hd.o


==============================================================================

Image component sizes


      Code (inc. data)   RO Data    RW Data    ZI Data      Debug   Object Name

       408         38          0          0          0       1358   adc.o
        56          6          0          0          0        468   beep.o
       244         76          0          0          0        839   control.o
       212         18          0          4          0        989   delay.o
       412         12          0          0          0       2086   dht11.o
        52          6          0          0          0        519   humanbodyinfrar.o
       216         14          0          1          0        792   key.o
     19030        162       6080          4         14      21802   lcd.o
       100          8          0          0          0     214446   led.o
      1696        666         30         24          0      57263   main.o
       220         22          0          0          0       1753   misc.o
      1896        342          0         68       5312       4888   mqtt.o
       676        166        155         19        200       3039   sim800.o
        64         26        304          0       1536        772   startup_stm32f10x_hd.o
      1102         26          0          0          0      10997   stm32f10x_adc.o
      1548         18          0          0          0       5335   stm32f10x_fsmc.o
       860         38          0          0          0       5689   stm32f10x_gpio.o
      1300        238          0          4          0       2832   stm32f10x_it.o
       932         36          0         20          0       8848   stm32f10x_rcc.o
      3610         88          0          0          0      22796   stm32f10x_tim.o
      1032         22          0          0          0       8412   stm32f10x_usart.o
         0          0          0          0          0         32   sys.o
       480         38          0         20          0       1671   system_stm32f10x.o
       118          0          0          0          0        554   timer2.o
       236          6          0          0          0        801   timer3.o
       112          6          0          0          0        648   timer4.o
        96          4          0          0          0        569   timersim.o
       244         14          0          4        256       3628   usart1.o
       348         14          0          8       2048       1988   usart2.o
       232         10          0          0          0        950   usartsim.o
      2308       1142         30          8          0       3290   wifi.o

    ----------------------------------------------------------------------
     39848       3262       6640        188       9372     390054   Object Totals
         0          0         32          0          0          0   (incl. Generated)
         8          0          9          4          6          0   (incl. Padding)

    ----------------------------------------------------------------------

      Code (inc. data)   RO Data    RW Data    ZI Data      Debug   Library Member Name

        24          4          0          0          0         84   __2printf.o
        44          6          0          0          0         84   __2sprintf.o
         8          0          0          0          0         68   __main.o
       392          4         17          0          0         92   __printf_flags_ss_wp.o
        14          0          0          0          0         68   __printf_wp.o
         0          0          0          0          0          0   __rtentry.o
        12          0          0          0          0          0   __rtentry2.o
         6          0          0          0          0          0   __rtentry4.o
        52          8          0          0          0          0   __scatter.o
        26          0          0          0          0          0   __scatter_copy.o
        28          0          0          0          0          0   __scatter_zi.o
         6          0          0          0          0          0   _printf_a.o
         6          0          0          0          0          0   _printf_c.o
        44          0          0          0          0        108   _printf_char.o
        48          6          0          0          0         96   _printf_char_common.o
        36          4          0          0          0         80   _printf_char_file.o
        40          0          0          0          0         68   _printf_charcount.o
         6          0          0          0          0          0   _printf_d.o
       120         16          0          0          0         92   _printf_dec.o
         6          0          0          0          0          0   _printf_e.o
         6          0          0          0          0          0   _printf_f.o
      1054          0          0          0          0        216   _printf_fp_dec.o
       128         16          0          0          0         84   _printf_fp_infnan.o
         6          0          0          0          0          0   _printf_g.o
       148          4         40          0          0        160   _printf_hex_int_ll_ptr.o
         6          0          0          0          0          0   _printf_i.o
       178          0          0          0          0         88   _printf_intcommon.o
        10          0          0          0          0          0   _printf_l.o
         6          0          0          0          0          0   _printf_lc.o
        10          0          0          0          0          0   _printf_ll.o
         6          0          0          0          0          0   _printf_lld.o
         6          0          0          0          0          0   _printf_lli.o
         6          0          0          0          0          0   _printf_llo.o
         6          0          0          0          0          0   _printf_llu.o
         6          0          0          0          0          0   _printf_llx.o
       124         16          0          0          0         92   _printf_longlong_dec.o
         6          0          0          0          0          0   _printf_ls.o
         6          0          0          0          0          0   _printf_n.o
         6          0          0          0          0          0   _printf_o.o
       112         10          0          0          0        124   _printf_oct_int_ll.o
         6          0          0          0          0          0   _printf_p.o
        78          0          0          0          0        108   _printf_pad.o
         0          0          0          0          0          0   _printf_percent.o
         4          0          0          0          0          0   _printf_percent_end.o
         6          0          0          0          0          0   _printf_s.o
        82          0          0          0          0         80   _printf_str.o
        36          0          0          0          0         84   _printf_truncate.o
         6          0          0          0          0          0   _printf_u.o
        44          0          0          0          0        108   _printf_wchar.o
       188          6          8          0          0         92   _printf_wctomb.o
         6          0          0          0          0          0   _printf_x.o
        10          0          0          0          0         68   _sputc.o
        64          0          0          0          0         92   _wcrtomb.o
       228          4        148          0          0         96   bigflt0.o
      1936        128          0          0          0        672   btod.o
        36          4          0          0          0         76   c89vsprintf.o
        18          0          0          0          0         80   exit.o
         8          0          0          0          0         68   ferror.o
         6          0          0          0          0        152   heapauxi.o
        44         10        272          0          0         76   lc_ctype_c.o
        44         10         28          0          0         76   lc_numeric_c.o
         2          0          0          0          0          0   libinit.o
        30          0          0          0          0          0   libinit2.o
         2          0          0          0          0          0   libshutdown.o
         2          0          0          0          0          0   libshutdown2.o
         8          4          0          0         96         68   libspace.o
       138          0          0          0          0         80   lludiv10.o
        88          0          0          0          0         76   memcmp.o
        16          4          0          0          0         76   rt_ctype_table.o
         8          4          0          0          0         68   rt_locale_intlibspace.o
        68          0          0          0          0         68   rt_memclr.o
        78          0          0          0          0         80   rt_memclr_w.o
       138          0          0          0          0         68   rt_memcpy_v6.o
       100          0          0          0          0         80   rt_memcpy_w.o
         2          0          0          0          0          0   rtexit.o
        10          0          0          0          0          0   rtexit2.o
        24          0          0          0          0         68   strcat.o
       128          0          0          0          0         68   strcmpv7m.o
        62          0          0          0          0         76   strlen.o
        36          0          0          0          0         80   strstr.o
        74          0          0          0          0         80   sys_stackheap_outer.o
         2          0          0          0          0         68   use_no_semi.o
         2          0          0          0          0         68   use_no_semi_2.o
        98          4          0          0          0         92   d2f.o
       804         16          0          0          0        272   daddsub_clz.o
        24          0          0          0          0         68   dcmpi.o
       688        140          0          0          0        208   ddiv.o
        90          4          0          0          0         92   dfixu.o
        38          0          0          0          0         68   dflt_clz.o
       120          4          0          0          0         92   dleqf.o
       340         12          0          0          0        104   dmul.o
       156          4          0          0          0         92   dnaninf.o
        12          0          0          0          0         68   dretinf.o
       108          0          0          0          0         80   drleqf.o
        86          4          0          0          0         84   f2d.o
       450          8          0          0          0        236   faddsub_clz.o
        24          0          0          0          0         68   fcmpi.o
       388         76          0          0          0         96   fdiv.o
        62          4          0          0          0         84   ffixu.o
        86          0          0          0          0        136   fflt_clz.o
       104          4          0          0          0         84   fleqf.o
       258          4          0          0          0         84   fmul.o
       140          4          0          0          0         84   fnaninf.o
        10          0          0          0          0         68   fretinf.o
        98          0          0          0          0         68   frleqf.o
         4          0          0          0          0         68   printf1.o
         0          0          0          0          0          0   usenofp.o
        40          0          0          0          0         68   fpclassify.o

    ----------------------------------------------------------------------
     10878        556        514          0         96       7168   Library Totals
        28          0          1          0          0          0   (incl. Padding)

    ----------------------------------------------------------------------

      Code (inc. data)   RO Data    RW Data    ZI Data      Debug   Library Name

      6622        268        513          0         96       4704   c_w.l
      4188        288          0          0          0       2396   fz_ws.l
        40          0          0          0          0         68   m_ws.l

    ----------------------------------------------------------------------
     10878        556        514          0         96       7168   Library Totals

    ----------------------------------------------------------------------

==============================================================================


      Code (inc. data)   RO Data    RW Data    ZI Data      Debug   

     50726       3818       7154        188       9468     390770   Grand Totals
     50726       3818       7154        188       9468     390770   ELF Image Totals
     50726       3818       7154        188          0          0   ROM Totals

==============================================================================

    Total RO  Size (Code + RO Data)                57880 (  56.52kB)
    Total RW  Size (RW Data + ZI Data)              9656 (   9.43kB)
    Total ROM Size (Code + RO Data + RW Data)      58068 (  56.71kB)

==============================================================================

